<html>
<body>
<pre>
<h1>礦ision Build Log</h1>
<h2>Tool Versions:</h2>
IDE-Version: μVision V5.14.0.0
Copyright (C) 2015 ARM Ltd and ARM Germany GmbH. All rights reserved.
License Information: wuya Administrator, wuya, LIC=P6FZ9-40C2X-5ATDF-6K2DU-TE5BU-CSH4H
 
Tool Versions:
Toolchain:       MDK-ARM Professional  Version: 5.14.0.0
Toolchain Path:  E:\MDK5\ARM\ARMCC\Bin
C Compiler:      Armcc.exe V5.05 update 1 (build 106)
Assembler:       Armasm.exe V5.05 update 1 (build 106)
Linker/Locator:  ArmLink.exe V5.05 update 1 (build 106)
Library Manager: ArmAr.exe V5.05 update 1 (build 106)
Hex Converter:   FromElf.exe V5.05 update 1 (build 106)
CPU DLL:         SARMCM3.DLL V5.14.0.0
Dialog DLL:      DARMSTM.DLL V1.65.0.0
Target DLL:      STLink\ST-LINKIII-KEIL_SWO.dll V2.0.14.0_KEIL
Dialog DLL:      TARMSTM.DLL V1.64.0.0
 
<h2>Project:</h2>
C:\Users\Administrator\Desktop\AS608指纹识别修改\USER\AS608.uvprojx
Project File Date:  04/22/2018

<h2>Output:</h2>
Rebuild target 'AS608'
compiling main.c...
compiling stm32f10x_it.c...
compiling system_stm32f10x.c...
compiling beep.c...
compiling as608.c...
compiling key.c...
compiling led.c...
compiling stmflash.c...
compiling oled.c...
compiling adc.c...
compiling timer.c...
compiling timer2.c...
compiling timer3.c...
compiling usart.c...
compiling usart2.c...
compiling usart3.c...
compiling common.c...
compiling dataPointTools.c...
compiling gizwits_product.c...
..\Gizwits\gizwits_product.c(53): warning:  #177-D: variable "wifiData" was declared but never referenced
    moduleStatusInfo_t *wifiData = (moduleStatusInfo_t *)gizdata;
..\Gizwits\gizwits_product.c(54): warning:  #177-D: variable "ptime" was declared but never referenced
    protocolTime_t *ptime = (protocolTime_t *)gizdata;
..\Gizwits\gizwits_product.c(59): warning:  #177-D: variable "ptModuleInfo" was declared but never referenced
    moduleInfo_t *ptModuleInfo = (moduleInfo_t *)gizdata;
..\Gizwits\gizwits_product.c: 3 warnings, 0 errors
compiling gizwits_protocol.c...
compiling ringbuffer.c...
compiling delay.c...
compiling sys.c...
compiling core_cm3.c...
assembling startup_stm32f10x_hd.s...
compiling stm32f10x_gpio.c...
compiling stm32f10x_rcc.c...
compiling stm32f10x_usart.c...
compiling stm32f10x_sdio.c...
compiling misc.c...
compiling stm32f10x_tim.c...
compiling stm32f10x_flash.c...
compiling stm32f10x_adc.c...
linking...
Program Size: Code=38074 RO-data=3062 RW-data=1316 ZI-data=4980  
FromELF: creating hex file...
"..\OBJ\AS608.axf" - 0 Error(s), 3 Warning(s).

<h2>Collection of Component include folders:</h2>
  C:\Users\Administrator\Desktop\AS608指纹识别修改\USER\RTE
  E:\MDK5\ARM\PACK\Keil\STM32F1xx_DFP\1.0.5\Device\Include

<h2>Collection of Component Files used:</h2>
</pre>
</body>
</html>
