Component: ARM Compiler 5.05 update 1 (build 106) Tool: armlink [4d0efa]

==============================================================================

Section Cross References

    main.o(.text) refers to timer3.o(.text) for TIM3_Int_Init
    main.o(.text) refers to usart3.o(.text) for usart3_init
    main.o(.text) refers to gizwits_product.o(.text) for userInit
    main.o(.text) refers to gizwits_protocol.o(.text) for gizwitsInit
    main.o(.text) refers to delay.o(.text) for delay_ms
    main.o(.text) refers to oled.o(.text) for OLED_Clear
    main.o(.text) refers to key.o(.text) for keyscan
    main.o(.text) refers to stmflash.o(.text) for STMFLASH_Write
    main.o(.text) refers to main.o(.data) for in_time
    main.o(.text) refers to as608.o(.text) for PS_ReadSysPara
    main.o(.text) refers to usart.o(.text) for send_text_message
    main.o(.text) refers to main.o(.bss) for AS608Para
    main.o(.text) refers to misc.o(.text) for NVIC_PriorityGroupConfig
    main.o(.text) refers to usart2.o(.text) for usart2_init
    main.o(.text) refers to timer2.o(.text) for Timer2_Init_Config
    main.o(.text) refers to beep.o(.text) for BEEP_Init
    main.o(.text) refers to led.o(.text) for LED_Init
    main.o(.text) refers to adc.o(.text) for Adc_Init
    main.o(.text) refers to usart.o(.data) for receive_mode
    main.o(.text) refers to as608.o(.data) for AS608Addr
    main.o(.text) refers to gizwits_product.o(.bss) for currentDataPoint
    system_stm32f10x.o(.text) refers to system_stm32f10x.o(.data) for SystemCoreClock
    beep.o(.text) refers to stm32f10x_rcc.o(.text) for RCC_APB2PeriphClockCmd
    beep.o(.text) refers to stm32f10x_gpio.o(.text) for GPIO_Init
    as608.o(.text) refers to stm32f10x_rcc.o(.text) for RCC_APB2PeriphClockCmd
    as608.o(.text) refers to stm32f10x_gpio.o(.text) for GPIO_Init
    as608.o(.text) refers to delay.o(.text) for delay_ms
    as608.o(.text) refers to strstr.o(.text) for strstr
    as608.o(.text) refers to as608.o(.data) for AS608Addr
    as608.o(.text) refers to usart2.o(.data) for USART2_RX_STA
    as608.o(.text) refers to usart2.o(.bss) for USART2_RX_BUF
    key.o(.text) refers to stm32f10x_rcc.o(.text) for RCC_APB2PeriphClockCmd
    key.o(.text) refers to stm32f10x_gpio.o(.text) for GPIO_Init
    key.o(.text) refers to delay.o(.text) for delay_ms
    led.o(.text) refers to stm32f10x_rcc.o(.text) for RCC_APB2PeriphClockCmd
    led.o(.text) refers to stm32f10x_gpio.o(.text) for GPIO_Init
    led.o(.text) refers to oled.o(.text) for OLED_ShowString
    led.o(.text) refers to delay.o(.text) for delay_ms
    stmflash.o(.text) refers to stm32f10x_flash.o(.text) for FLASH_ProgramHalfWord
    stmflash.o(.text) refers to stmflash.o(.bss) for STMFLASH_BUF
    oled.o(.text) refers to stm32f10x_gpio.o(.text) for GPIO_SetBits
    oled.o(.text) refers to oled.o(.constdata) for F8X16
    oled.o(.text) refers to stm32f10x_rcc.o(.text) for RCC_APB2PeriphClockCmd
    oled.o(.text) refers to delay.o(.text) for delay_ms
    oled.o(.text) refers to oled.o(.data) for Hzk
    adc.o(.text) refers to stm32f10x_rcc.o(.text) for RCC_APB2PeriphClockCmd
    adc.o(.text) refers to stm32f10x_gpio.o(.text) for GPIO_Init
    adc.o(.text) refers to stm32f10x_adc.o(.text) for ADC_DeInit
    adc.o(.text) refers to delay.o(.text) for delay_ms
    timer.o(.text) refers to stm32f10x_tim.o(.text) for TIM_GetITStatus
    timer.o(.text) refers to stm32f10x_rcc.o(.text) for RCC_APB1PeriphClockCmd
    timer.o(.text) refers to misc.o(.text) for NVIC_Init
    timer.o(.text) refers to usart2.o(.data) for USART2_RX_STA
    timer2.o(.text) refers to stm32f10x_rcc.o(.text) for RCC_APB1PeriphClockCmd
    timer2.o(.text) refers to stm32f10x_tim.o(.text) for TIM_TimeBaseInit
    timer2.o(.text) refers to misc.o(.text) for NVIC_Init
    timer3.o(.text) refers to stm32f10x_rcc.o(.text) for RCC_APB1PeriphClockCmd
    timer3.o(.text) refers to stm32f10x_tim.o(.text) for TIM_TimeBaseInit
    timer3.o(.text) refers to misc.o(.text) for NVIC_Init
    timer3.o(.text) refers to gizwits_product.o(.text) for gizTimerMs
    usart.o(.text) refers to stm32f10x_rcc.o(.text) for RCC_APB2PeriphClockCmd
    usart.o(.text) refers to stm32f10x_usart.o(.text) for USART_DeInit
    usart.o(.text) refers to stm32f10x_gpio.o(.text) for GPIO_Init
    usart.o(.text) refers to misc.o(.text) for NVIC_Init
    usart.o(.text) refers to strstr.o(.text) for strstr
    usart.o(.text) refers to delay.o(.text) for delay_ms
    usart.o(.text) refers to stm32f10x_tim.o(.text) for TIM_GetITStatus
    usart.o(.text) refers to rt_memclr.o(.text) for __aeabi_memclr
    usart.o(.text) refers to strcpy.o(.text) for strcpy
    usart.o(.text) refers to strcat.o(.text) for strcat
    usart.o(.text) refers to usart.o(.bss) for Uart1_Buf
    usart.o(.text) refers to usart.o(.data) for First_Int
    usart.o(.data) refers to usart.o(.conststring) for .conststring
    usart2.o(.text) refers to stm32f10x_usart.o(.text) for USART_GetITStatus
[...]
    _printf_ls                               0x0800026b   Thumb Code     0  _printf_ls.o(.ARM.Collect$$_printf_percent$$00000016)
    _printf_percent_end                      0x08000271   Thumb Code     0  _printf_percent_end.o(.ARM.Collect$$_printf_percent$$00000017)
    __rt_lib_init                            0x08000275   Thumb Code     0  libinit.o(.ARM.Collect$$libinit$$00000000)
    __rt_lib_init_fp_1                       0x08000277   Thumb Code     0  libinit2.o(.ARM.Collect$$libinit$$00000002)
    __rt_lib_init_heap_1                     0x08000277   Thumb Code     0  libinit2.o(.ARM.Collect$$libinit$$0000000A)
    __rt_lib_init_lc_common                  0x08000277   Thumb Code     0  libinit2.o(.ARM.Collect$$libinit$$0000000F)
    __rt_lib_init_preinit_1                  0x08000277   Thumb Code     0  libinit2.o(.ARM.Collect$$libinit$$00000004)
    __rt_lib_init_rand_1                     0x08000277   Thumb Code     0  libinit2.o(.ARM.Collect$$libinit$$0000000E)
    __rt_lib_init_user_alloc_1               0x08000277   Thumb Code     0  libinit2.o(.ARM.Collect$$libinit$$0000000C)
    __rt_lib_init_lc_collate_1               0x0800027d   Thumb Code     0  libinit2.o(.ARM.Collect$$libinit$$00000011)
    __rt_lib_init_lc_ctype_2                 0x0800027d   Thumb Code     0  libinit2.o(.ARM.Collect$$libinit$$00000012)
    __rt_lib_init_lc_ctype_1                 0x08000289   Thumb Code     0  libinit2.o(.ARM.Collect$$libinit$$00000013)
    __rt_lib_init_lc_monetary_1              0x08000289   Thumb Code     0  libinit2.o(.ARM.Collect$$libinit$$00000015)
    __rt_lib_init_lc_numeric_2               0x08000289   Thumb Code     0  libinit2.o(.ARM.Collect$$libinit$$00000016)
    __rt_lib_init_alloca_1                   0x08000293   Thumb Code     0  libinit2.o(.ARM.Collect$$libinit$$0000002E)
    __rt_lib_init_argv_1                     0x08000293   Thumb Code     0  libinit2.o(.ARM.Collect$$libinit$$0000002C)
    __rt_lib_init_atexit_1                   0x08000293   Thumb Code     0  libinit2.o(.ARM.Collect$$libinit$$0000001B)
    __rt_lib_init_clock_1                    0x08000293   Thumb Code     0  libinit2.o(.ARM.Collect$$libinit$$00000021)
    __rt_lib_init_cpp_1                      0x08000293   Thumb Code     0  libinit2.o(.ARM.Collect$$libinit$$00000032)
    __rt_lib_init_exceptions_1               0x08000293   Thumb Code     0  libinit2.o(.ARM.Collect$$libinit$$00000030)
    __rt_lib_init_fp_trap_1                  0x08000293   Thumb Code     0  libinit2.o(.ARM.Collect$$libinit$$0000001F)
    __rt_lib_init_getenv_1                   0x08000293   Thumb Code     0  libinit2.o(.ARM.Collect$$libinit$$00000023)
    __rt_lib_init_lc_numeric_1               0x08000293   Thumb Code     0  libinit2.o(.ARM.Collect$$libinit$$00000017)
    __rt_lib_init_lc_time_1                  0x08000293   Thumb Code     0  libinit2.o(.ARM.Collect$$libinit$$00000019)
    __rt_lib_init_return                     0x08000293   Thumb Code     0  libinit2.o(.ARM.Collect$$libinit$$00000033)
    __rt_lib_init_signal_1                   0x08000293   Thumb Code     0  libinit2.o(.ARM.Collect$$libinit$$0000001D)
    __rt_lib_init_stdio_1                    0x08000293   Thumb Code     0  libinit2.o(.ARM.Collect$$libinit$$00000025)
    __rt_lib_shutdown                        0x08000295   Thumb Code     0  libshutdown.o(.ARM.Collect$$libshutdown$$00000000)
    __rt_lib_shutdown_fp_trap_1              0x08000297   Thumb Code     0  libshutdown2.o(.ARM.Collect$$libshutdown$$00000006)
    __rt_lib_shutdown_heap_1                 0x08000297   Thumb Code     0  libshutdown2.o(.ARM.Collect$$libshutdown$$0000000E)
    __rt_lib_shutdown_return                 0x08000297   Thumb Code     0  libshutdown2.o(.ARM.Collect$$libshutdown$$0000000F)
    __rt_lib_shutdown_signal_1               0x08000297   Thumb Code     0  libshutdown2.o(.ARM.Collect$$libshutdown$$00000009)
    __rt_lib_shutdown_stdio_1                0x08000297   Thumb Code     0  libshutdown2.o(.ARM.Collect$$libshutdown$$00000003)
    __rt_lib_shutdown_user_alloc_1           0x08000297   Thumb Code     0  libshutdown2.o(.ARM.Collect$$libshutdown$$0000000B)
    __rt_entry                               0x08000299   Thumb Code     0  __rtentry.o(.ARM.Collect$$rtentry$$00000000)
    __rt_entry_presh_1                       0x08000299   Thumb Code     0  __rtentry2.o(.ARM.Collect$$rtentry$$00000002)
    __rt_entry_sh                            0x08000299   Thumb Code     0  __rtentry4.o(.ARM.Collect$$rtentry$$00000004)
    __rt_entry_li                            0x0800029f   Thumb Code     0  __rtentry2.o(.ARM.Collect$$rtentry$$0000000A)
    __rt_entry_postsh_1                      0x0800029f   Thumb Code     0  __rtentry2.o(.ARM.Collect$$rtentry$$00000009)
    __rt_entry_main                          0x080002a3   Thumb Code     0  __rtentry2.o(.ARM.Collect$$rtentry$$0000000D)
    __rt_entry_postli_1                      0x080002a3   Thumb Code     0  __rtentry2.o(.ARM.Collect$$rtentry$$0000000C)
    __rt_exit                                0x080002ab   Thumb Code     0  rtexit.o(.ARM.Collect$$rtexit$$00000000)
    __rt_exit_ls                             0x080002ad   Thumb Code     0  rtexit2.o(.ARM.Collect$$rtexit$$00000003)
    __rt_exit_prels_1                        0x080002ad   Thumb Code     0  rtexit2.o(.ARM.Collect$$rtexit$$00000002)
    __rt_exit_exit                           0x080002b1   Thumb Code     0  rtexit2.o(.ARM.Collect$$rtexit$$00000004)
    Gizwits_Init                             0x080002b9   Thumb Code    30  main.o(.text)
    root_h                                   0x080002d7   Thumb Code   968  main.o(.text)
    GET_NUM                                  0x0800069f   Thumb Code   306  main.o(.text)
    Add_FR                                   0x080007d1   Thumb Code   500  main.o(.text)
    AS608_Details                            0x080009c5   Thumb Code   130  main.o(.text)
    Del_FR                                   0x08000a47   Thumb Code   202  main.o(.text)
    press_FR                                 0x08000b11   Thumb Code   566  main.o(.text)
    main                                     0x08000d47   Thumb Code  1586  main.o(.text)
    NMI_Handler                              0x08001421   Thumb Code     2  stm32f10x_it.o(.text)
    HardFault_Handler                        0x08001423   Thumb Code     4  stm32f10x_it.o(.text)
    MemManage_Handler                        0x08001427   Thumb Code     4  stm32f10x_it.o(.text)
    BusFault_Handler                         0x0800142b   Thumb Code     4  stm32f10x_it.o(.text)
    UsageFault_Handler                       0x0800142f   Thumb Code     4  stm32f10x_it.o(.text)
    SVC_Handler                              0x08001433   Thumb Code     2  stm32f10x_it.o(.text)
    DebugMon_Handler                         0x08001435   Thumb Code     2  stm32f10x_it.o(.text)
    PendSV_Handler                           0x08001437   Thumb Code     2  stm32f10x_it.o(.text)
    SysTick_Handler                          0x08001439   Thumb Code     2  stm32f10x_it.o(.text)
    SystemInit                               0x0800151b   Thumb Code    78  system_stm32f10x.o(.text)
    SystemCoreClockUpdate                    0x08001569   Thumb Code   142  system_stm32f10x.o(.text)
    BEEP_Init                                0x0800161d   Thumb Code    50  beep.o(.text)
    PS_StaGPIO_Init                          0x08001655   Thumb Code    38  as608.o(.text)
    PS_GetImage                              0x08001787   Thumb Code    58  as608.o(.text)
    PS_GenChar                               0x080017c1   Thumb Code    70  as608.o(.text)
    PS_Match                                 0x08001807   Thumb Code    58  as608.o(.text)
    PS_Search                                0x08001841   Thumb Code   144  as608.o(.text)
    PS_RegModel                              0x080018d1   Thumb Code    58  as608.o(.text)
    PS_StoreChar                             0x0800190b   Thumb Code    96  as608.o(.text)
    PS_DeletChar                             0x0800196b   Thumb Code   108  as608.o(.text)
    PS_Empty                                 0x080019d7   Thumb Code    58  as608.o(.text)
    PS_WriteReg                              0x08001a11   Thumb Code   104  as608.o(.text)
    PS_ReadSysPara                           0x08001a79   Thumb Code   108  as608.o(.text)
    PS_SetAddr                               0x08001ae5   Thumb Code   120  as608.o(.text)
    PS_WriteNotepad                          0x08001b5d   Thumb Code   106  as608.o(.text)
    PS_ReadNotepad                           0x08001bc7   Thumb Code    96  as608.o(.text)
    PS_HighSpeedSearch                       0x08001c27   Thumb Code   144  as608.o(.text)
    PS_ValidTempleteNum                      0x08001cb7   Thumb Code    74  as608.o(.text)
    PS_HandShake                             0x08001d01   Thumb Code   118  as608.o(.text)
    KEY_Init                                 0x08001d85   Thumb Code    72  key.o(.text)
    keyscan                                  0x08001dcd   Thumb Code   440  key.o(.text)
    LED_Init                                 0x08001f89   Thumb Code    68  led.o(.text)
    fall_for_10s                             0x08001fcd   Thumb Code  1534  led.o(.text)
    STMFLASH_ReadHalfWord                    0x08002605   Thumb Code     6  stmflash.o(.text)
    STMFLASH_Write_NoCheck                   0x0800260b   Thumb Code    38  stmflash.o(.text)
    STMFLASH_Read                            0x08002631   Thumb Code    34  stmflash.o(.text)
    STMFLASH_Write                           0x08002653   Thumb Code   222  stmflash.o(.text)
    Test_Write                               0x08002731   Thumb Code    16  stmflash.o(.text)
    IIC_Start                                0x08002749   Thumb Code    36  oled.o(.text)
    IIC_Stop                                 0x0800276d   Thumb Code    28  oled.o(.text)
    IIC_Wait_Ack                             0x08002789   Thumb Code    20  oled.o(.text)
    Write_IIC_Byte                           0x0800279d   Thumb Code    80  oled.o(.text)
    Write_IIC_Command                        0x080027ed   Thumb Code    44  oled.o(.text)
    Write_IIC_Data                           0x08002819   Thumb Code    44  oled.o(.text)
    OLED_WR_Byte                             0x08002845   Thumb Code    24  oled.o(.text)
    fill_picture                             0x0800285d   Thumb Code    64  oled.o(.text)
    Delay_50ms                               0x0800289d   Thumb Code    22  oled.o(.text)
    Delay_1ms                                0x080028b3   Thumb Code    26  oled.o(.text)
    OLED_Set_Pos                             0x080028cd   Thumb Code    40  oled.o(.text)
    OLED_Display_On                          0x080028f5   Thumb Code    28  oled.o(.text)
    OLED_Display_Off                         0x08002911   Thumb Code    28  oled.o(.text)
    OLED_Clear                               0x0800292d   Thumb Code    62  oled.o(.text)
    OLED_On                                  0x0800296b   Thumb Code    62  oled.o(.text)
    OLED_ShowChar                            0x080029a9   Thumb Code   154  oled.o(.text)
    oled_pow                                 0x08002a43   Thumb Code    22  oled.o(.text)
    OLED_ShowNum                             0x08002a59   Thumb Code   136  oled.o(.text)
    OLED_ShowString                          0x08002ae1   Thumb Code    58  oled.o(.text)
    OLED_ShowCHinese                         0x08002b1b   Thumb Code   112  oled.o(.text)
    OLED_DrawBMP                             0x08002b8b   Thumb Code   118  oled.o(.text)
    OLED_Init                                0x08002c01   Thumb Code   268  oled.o(.text)
    Adc_Init                                 0x08002d15   Thumb Code   132  adc.o(.text)
    Get_Adc                                  0x08002d99   Thumb Code    46  adc.o(.text)
    Get_Adc_Average                          0x08002dc7   Thumb Code    46  adc.o(.text)
    TIM7_IRQHandler                          0x08002dfd   Thumb Code    42  timer.o(.text)
    TIM7_Int_Init                            0x08002e27   Thumb Code    90  timer.o(.text)
    Timer2_Init_Config                       0x08002e89   Thumb Code    94  timer2.o(.text)
    TIM3_Int_Init                            0x08002ee9   Thumb Code    90  timer3.o(.text)
    TIM3_IRQHandler                          0x08002f43   Thumb Code    26  timer3.o(.text)
    USART1_Init_Config                       0x08002f61   Thumb Code   166  usart.o(.text)
    UART1_SendString                         0x08003007   Thumb Code    38  usart.o(.text)
    CLR_Buf                                  0x0800302d   Thumb Code    26  usart.o(.text)
    UART1_Send_Command                       0x08003047   Thumb Code    22  usart.o(.text)
    Find                                     0x0800305d   Thumb Code    22  usart.o(.text)
    UART1_Send_AT_Command                    0x08003073   Thumb Code    60  usart.o(.text)
    UART1_Send_Command_END                   0x080030af   Thumb Code    16  usart.o(.text)
    UART1_Send_AT_Command_End                0x080030bf   Thumb Code    84  usart.o(.text)
    USART1_IRQHandler                        0x08003113   Thumb Code    66  usart.o(.text)
    TIM2_IRQHandler                          0x08003155   Thumb Code    42  usart.o(.text)
    Wait_CREG                                0x0800317f   Thumb Code   154  usart.o(.text)
    check_status                             0x08003219   Thumb Code    64  usart.o(.text)
    set_text_mode                            0x08003259   Thumb Code    72  usart.o(.text)
    read_message                             0x080032a1   Thumb Code   112  usart.o(.text)
    send_text_message                        0x08003311   Thumb Code   300  usart.o(.text)
    send_pdu_message                         0x0800343d   Thumb Code   124  usart.o(.text)
    call_phone_num                           0x080034b9   Thumb Code    98  usart.o(.text)
    redail_phone_num                         0x0800351b   Thumb Code    58  usart.o(.text)
    ack_call                                 0x08003555   Thumb Code   110  usart.o(.text)
    hang_call                                0x080035c3   Thumb Code    30  usart.o(.text)
    USART2_IRQHandler                        0x0800361d   Thumb Code    94  usart2.o(.text)
    usart2_init                              0x0800367b   Thumb Code   184  usart2.o(.text)
    u2_printf                                0x08003733   Thumb Code    72  usart2.o(.text)
    USART3_IRQHandler                        0x08003799   Thumb Code    34  usart3.o(.text)
    usart3_init                              0x080037bb   Thumb Code   162  usart3.o(.text)
    gizProtocolSum                           0x08003865   Thumb Code    38  common.o(.text)
    exchangeBytes                            0x0800388b   Thumb Code    26  common.o(.text)
    exchangeWord                             0x080038a5   Thumb Code    26  common.o(.text)
    char2hex                                 0x080038bf   Thumb Code   106  common.o(.text)
    checkStringIsNotZero                     0x08003929   Thumb Code    46  common.o(.text)
    returnWeekDay                            0x08003957   Thumb Code   156  common.o(.text)
    returnNtp2Wt                             0x08003a3f   Thumb Code   274  common.o(.text)
    str2Hex                                  0x08003b51   Thumb Code    80  common.o(.text)
    hex2Str                                  0x08003ba1   Thumb Code    82  common.o(.text)
    gizByteOrderExchange                     0x08003bfd   Thumb Code    50  datapointtools.o(.text)
    gizY2X                                   0x08003c2f   Thumb Code    14  datapointtools.o(.text)
    gizX2Y                                   0x08003c3d   Thumb Code    12  datapointtools.o(.text)
    gizY2XFloat                              0x08003c49   Thumb Code    42  datapointtools.o(.text)
    gizX2YFloat                              0x08003c73   Thumb Code    42  datapointtools.o(.text)
    gizAcrossByteJudge                       0x08003c9d   Thumb Code    42  datapointtools.o(.text)
    gizVarlenCompressValue                   0x08003cc7   Thumb Code   124  datapointtools.o(.text)
    gizVarlenDecompressionValue              0x08003d43   Thumb Code   196  datapointtools.o(.text)
    gizStandardDecompressionValue            0x08003e07   Thumb Code   194  datapointtools.o(.text)
    gizStandardCompressValue                 0x08003ec9   Thumb Code   128  datapointtools.o(.text)
    gizwitsEventProcess                      0x08003f49   Thumb Code   176  gizwits_product.o(.text)
    userHandle                               0x08003ff9   Thumb Code    18  gizwits_product.o(.text)
    userInit                                 0x0800400b   Thumb Code    12  gizwits_product.o(.text)
    gizTimerMs                               0x08004017   Thumb Code    12  gizwits_product.o(.text)
    gizGetTimerCount                         0x08004023   Thumb Code     6  gizwits_product.o(.text)
    mcuRestart                               0x08004029   Thumb Code    38  gizwits_product.o(.text)
    TIMER_IRQ_FUN                            0x0800404f   Thumb Code     8  gizwits_product.o(.text)
    UART_IRQ_FUN                             0x08004057   Thumb Code    16  gizwits_product.o(.text)
    uartWrite                                0x08004067   Thumb Code    82  gizwits_product.o(.text)
    gizPutData                               0x080040e5   Thumb Code    40  gizwits_protocol.o(.text)
    gizwitsInit                              0x08004c41   Thumb Code    30  gizwits_protocol.o(.text)
    gizwitsSetMode                           0x08004c5f   Thumb Code   448  gizwits_protocol.o(.text)
    gizwitsGetNTP                            0x08004e1f   Thumb Code    82  gizwits_protocol.o(.text)
    gizwitsGetModuleInfo                     0x08004e71   Thumb Code    88  gizwits_protocol.o(.text)
    gizwitsHandle                            0x08004f07   Thumb Code   476  gizwits_protocol.o(.text)
    gizwitsPassthroughData                   0x080050e3   Thumb Code   154  gizwits_protocol.o(.text)
    rbCreate                                 0x0800517d   Thumb Code    22  ringbuffer.o(.text)
    rbDelete                                 0x08005193   Thumb Code    24  ringbuffer.o(.text)
    rbCapacity                               0x080051ab   Thumb Code    14  ringbuffer.o(.text)
    rbCanRead                                0x080051b9   Thumb Code    56  ringbuffer.o(.text)
    rbCanWrite                               0x080051f1   Thumb Code    30  ringbuffer.o(.text)
    rbRead                                   0x0800520f   Thumb Code   162  ringbuffer.o(.text)
    rbWrite                                  0x080052b1   Thumb Code   154  ringbuffer.o(.text)
    delay_init                               0x0800534d   Thumb Code    50  delay.o(.text)
    delay_us                                 0x0800537f   Thumb Code    72  delay.o(.text)
    delay_ms                                 0x080053c7   Thumb Code    72  delay.o(.text)
    Reset_Handler                            0x08005421   Thumb Code     8  startup_stm32f10x_hd.o(.text)
    ADC1_2_IRQHandler                        0x0800543b   Thumb Code     0  startup_stm32f10x_hd.o(.text)
    ADC3_IRQHandler                          0x0800543b   Thumb Code     0  startup_stm32f10x_hd.o(.text)
    CAN1_RX1_IRQHandler                      0x0800543b   Thumb Code     0  startup_stm32f10x_hd.o(.text)
    CAN1_SCE_IRQHandler                      0x0800543b   Thumb Code     0  startup_stm32f10x_hd.o(.text)
    DMA1_Channel1_IRQHandler                 0x0800543b   Thumb Code     0  startup_stm32f10x_hd.o(.text)
    DMA1_Channel2_IRQHandler                 0x0800543b   Thumb Code     0  startup_stm32f10x_hd.o(.text)
    DMA1_Channel3_IRQHandler                 0x0800543b   Thumb Code     0  startup_stm32f10x_hd.o(.text)
    DMA1_Channel4_IRQHandler                 0x0800543b   Thumb Code     0  startup_stm32f10x_hd.o(.text)
    DMA1_Channel5_IRQHandler                 0x0800543b   Thumb Code     0  startup_stm32f10x_hd.o(.text)
    DMA1_Channel6_IRQHandler                 0x0800543b   Thumb Code     0  startup_stm32f10x_hd.o(.text)
    DMA1_Channel7_IRQHandler                 0x0800543b   Thumb Code     0  startup_stm32f10x_hd.o(.text)
    DMA2_Channel1_IRQHandler                 0x0800543b   Thumb Code     0  startup_stm32f10x_hd.o(.text)
    DMA2_Channel2_IRQHandler                 0x0800543b   Thumb Code     0  startup_stm32f10x_hd.o(.text)
    DMA2_Channel3_IRQHandler                 0x0800543b   Thumb Code     0  startup_stm32f10x_hd.o(.text)
    DMA2_Channel4_5_IRQHandler               0x0800543b   Thumb Code     0  startup_stm32f10x_hd.o(.text)
    EXTI0_IRQHandler                         0x0800543b   Thumb Code     0  startup_stm32f10x_hd.o(.text)
    EXTI15_10_IRQHandler                     0x0800543b   Thumb Code     0  startup_stm32f10x_hd.o(.text)
    EXTI1_IRQHandler                         0x0800543b   Thumb Code     0  startup_stm32f10x_hd.o(.text)
    EXTI2_IRQHandler                         0x0800543b   Thumb Code     0  startup_stm32f10x_hd.o(.text)
    EXTI3_IRQHandler                         0x0800543b   Thumb Code     0  startup_stm32f10x_hd.o(.text)
    EXTI4_IRQHandler                         0x0800543b   Thumb Code     0  startup_stm32f10x_hd.o(.text)
    EXTI9_5_IRQHandler                       0x0800543b   Thumb Code     0  startup_stm32f10x_hd.o(.text)
    FLASH_IRQHandler                         0x0800543b   Thumb Code     0  startup_stm32f10x_hd.o(.text)
    FSMC_IRQHandler                          0x0800543b   Thumb Code     0  startup_stm32f10x_hd.o(.text)
    I2C1_ER_IRQHandler                       0x0800543b   Thumb Code     0  startup_stm32f10x_hd.o(.text)
    I2C1_EV_IRQHandler                       0x0800543b   Thumb Code     0  startup_stm32f10x_hd.o(.text)
    I2C2_ER_IRQHandler                       0x0800543b   Thumb Code     0  startup_stm32f10x_hd.o(.text)
    I2C2_EV_IRQHandler                       0x0800543b   Thumb Code     0  startup_stm32f10x_hd.o(.text)
    PVD_IRQHandler                           0x0800543b   Thumb Code     0  startup_stm32f10x_hd.o(.text)
    RCC_IRQHandler                           0x0800543b   Thumb Code     0  startup_stm32f10x_hd.o(.text)
    RTCAlarm_IRQHandler                      0x0800543b   Thumb Code     0  startup_stm32f10x_hd.o(.text)
    RTC_IRQHandler                           0x0800543b   Thumb Code     0  startup_stm32f10x_hd.o(.text)
    SDIO_IRQHandler                          0x0800543b   Thumb Code     0  startup_stm32f10x_hd.o(.text)
    SPI1_IRQHandler                          0x0800543b   Thumb Code     0  startup_stm32f10x_hd.o(.text)
    SPI2_IRQHandler                          0x0800543b   Thumb Code     0  startup_stm32f10x_hd.o(.text)
    SPI3_IRQHandler                          0x0800543b   Thumb Code     0  startup_stm32f10x_hd.o(.text)
    TAMPER_IRQHandler                        0x0800543b   Thumb Code     0  startup_stm32f10x_hd.o(.text)
    TIM1_BRK_IRQHandler                      0x0800543b   Thumb Code     0  startup_stm32f10x_hd.o(.text)
    TIM1_CC_IRQHandler                       0x0800543b   Thumb Code     0  startup_stm32f10x_hd.o(.text)
    TIM1_TRG_COM_IRQHandler                  0x0800543b   Thumb Code     0  startup_stm32f10x_hd.o(.text)
    TIM1_UP_IRQHandler                       0x0800543b   Thumb Code     0  startup_stm32f10x_hd.o(.text)
    TIM4_IRQHandler                          0x0800543b   Thumb Code     0  startup_stm32f10x_hd.o(.text)
    TIM5_IRQHandler                          0x0800543b   Thumb Code     0  startup_stm32f10x_hd.o(.text)
    TIM6_IRQHandler                          0x0800543b   Thumb Code     0  startup_stm32f10x_hd.o(.text)
    TIM8_BRK_IRQHandler                      0x0800543b   Thumb Code     0  startup_stm32f10x_hd.o(.text)
    TIM8_CC_IRQHandler                       0x0800543b   Thumb Code     0  startup_stm32f10x_hd.o(.text)
    TIM8_TRG_COM_IRQHandler                  0x0800543b   Thumb Code     0  startup_stm32f10x_hd.o(.text)
    TIM8_UP_IRQHandler                       0x0800543b   Thumb Code     0  startup_stm32f10x_hd.o(.text)
    UART4_IRQHandler                         0x0800543b   Thumb Code     0  startup_stm32f10x_hd.o(.text)
    UART5_IRQHandler                         0x0800543b   Thumb Code     0  startup_stm32f10x_hd.o(.text)
    USBWakeUp_IRQHandler                     0x0800543b   Thumb Code     0  startup_stm32f10x_hd.o(.text)
    USB_HP_CAN1_TX_IRQHandler                0x0800543b   Thumb Code     0  startup_stm32f10x_hd.o(.text)
    USB_LP_CAN1_RX0_IRQHandler               0x0800543b   Thumb Code     0  startup_stm32f10x_hd.o(.text)
    WWDG_IRQHandler                          0x0800543b   Thumb Code     0  startup_stm32f10x_hd.o(.text)
    __user_initial_stackheap                 0x0800543d   Thumb Code     0  startup_stm32f10x_hd.o(.text)
    GPIO_DeInit                              0x08005461   Thumb Code   172  stm32f10x_gpio.o(.text)
    GPIO_AFIODeInit                          0x0800550d   Thumb Code    20  stm32f10x_gpio.o(.text)
    GPIO_Init                                0x08005521   Thumb Code   278  stm32f10x_gpio.o(.text)
    GPIO_StructInit                          0x08005637   Thumb Code    16  stm32f10x_gpio.o(.text)
    GPIO_ReadInputDataBit                    0x08005647   Thumb Code    18  stm32f10x_gpio.o(.text)
    GPIO_ReadInputData                       0x08005659   Thumb Code     8  stm32f10x_gpio.o(.text)
    GPIO_ReadOutputDataBit                   0x08005661   Thumb Code    18  stm32f10x_gpio.o(.text)
    GPIO_ReadOutputData                      0x08005673   Thumb Code     8  stm32f10x_gpio.o(.text)
    GPIO_SetBits                             0x0800567b   Thumb Code     4  stm32f10x_gpio.o(.text)
    GPIO_ResetBits                           0x0800567f   Thumb Code     4  stm32f10x_gpio.o(.text)
    GPIO_WriteBit                            0x08005683   Thumb Code    10  stm32f10x_gpio.o(.text)
    GPIO_Write                               0x0800568d   Thumb Code     4  stm32f10x_gpio.o(.text)
    GPIO_PinLockConfig                       0x08005691   Thumb Code    18  stm32f10x_gpio.o(.text)
    GPIO_EventOutputConfig                   0x080056a3   Thumb Code    26  stm32f10x_gpio.o(.text)
    GPIO_EventOutputCmd                      0x080056bd   Thumb Code     6  stm32f10x_gpio.o(.text)
    GPIO_PinRemapConfig                      0x080056c3   Thumb Code   138  stm32f10x_gpio.o(.text)
    GPIO_EXTILineConfig                      0x0800574d   Thumb Code    66  stm32f10x_gpio.o(.text)
    GPIO_ETH_MediaInterfaceConfig            0x0800578f   Thumb Code     8  stm32f10x_gpio.o(.text)
    RCC_DeInit                               0x080057bd   Thumb Code    64  stm32f10x_rcc.o(.text)
    RCC_HSEConfig                            0x080057fd   Thumb Code    70  stm32f10x_rcc.o(.text)
    RCC_GetFlagStatus                        0x08005843   Thumb Code    56  stm32f10x_rcc.o(.text)
    RCC_WaitForHSEStartUp                    0x0800587b   Thumb Code    56  stm32f10x_rcc.o(.text)
    RCC_AdjustHSICalibrationValue            0x080058b3   Thumb Code    20  stm32f10x_rcc.o(.text)
    RCC_HSICmd                               0x080058c7   Thumb Code     6  stm32f10x_rcc.o(.text)
    RCC_PLLConfig                            0x080058cd   Thumb Code    24  stm32f10x_rcc.o(.text)
    RCC_PLLCmd                               0x080058e5   Thumb Code     6  stm32f10x_rcc.o(.text)
    RCC_SYSCLKConfig                         0x080058eb   Thumb Code    18  stm32f10x_rcc.o(.text)
    RCC_GetSYSCLKSource                      0x080058fd   Thumb Code    10  stm32f10x_rcc.o(.text)
    RCC_HCLKConfig                           0x08005907   Thumb Code    18  stm32f10x_rcc.o(.text)
    RCC_PCLK1Config                          0x08005919   Thumb Code    18  stm32f10x_rcc.o(.text)
    RCC_PCLK2Config                          0x0800592b   Thumb Code    20  stm32f10x_rcc.o(.text)
    RCC_ITConfig                             0x0800593f   Thumb Code    26  stm32f10x_rcc.o(.text)
    RCC_USBCLKConfig                         0x08005959   Thumb Code     8  stm32f10x_rcc.o(.text)
    RCC_ADCCLKConfig                         0x08005961   Thumb Code    18  stm32f10x_rcc.o(.text)
    RCC_LSEConfig                            0x08005973   Thumb Code    50  stm32f10x_rcc.o(.text)
    RCC_LSICmd                               0x080059a5   Thumb Code     6  stm32f10x_rcc.o(.text)
    RCC_RTCCLKConfig                         0x080059ab   Thumb Code    12  stm32f10x_rcc.o(.text)
    RCC_RTCCLKCmd                            0x080059b7   Thumb Code     8  stm32f10x_rcc.o(.text)
    RCC_GetClocksFreq                        0x080059bf   Thumb Code   192  stm32f10x_rcc.o(.text)
    RCC_AHBPeriphClockCmd                    0x08005a7f   Thumb Code    26  stm32f10x_rcc.o(.text)
    RCC_APB2PeriphClockCmd                   0x08005a99   Thumb Code    26  stm32f10x_rcc.o(.text)
    RCC_APB1PeriphClockCmd                   0x08005ab3   Thumb Code    26  stm32f10x_rcc.o(.text)
    RCC_APB2PeriphResetCmd                   0x08005acd   Thumb Code    26  stm32f10x_rcc.o(.text)
    RCC_APB1PeriphResetCmd                   0x08005ae7   Thumb Code    26  stm32f10x_rcc.o(.text)
    RCC_BackupResetCmd                       0x08005b01   Thumb Code     8  stm32f10x_rcc.o(.text)
    RCC_ClockSecuritySystemCmd               0x08005b09   Thumb Code     6  stm32f10x_rcc.o(.text)
    RCC_MCOConfig                            0x08005b0f   Thumb Code     6  stm32f10x_rcc.o(.text)
    RCC_ClearFlag                            0x08005b15   Thumb Code    14  stm32f10x_rcc.o(.text)
    RCC_GetITStatus                          0x08005b23   Thumb Code    20  stm32f10x_rcc.o(.text)
    RCC_ClearITPendingBit                    0x08005b37   Thumb Code     6  stm32f10x_rcc.o(.text)
    USART_DeInit                             0x08005b61   Thumb Code   134  stm32f10x_usart.o(.text)
    USART_Init                               0x08005be7   Thumb Code   210  stm32f10x_usart.o(.text)
    USART_StructInit                         0x08005cb9   Thumb Code    24  stm32f10x_usart.o(.text)
    USART_ClockInit                          0x08005cd1   Thumb Code    34  stm32f10x_usart.o(.text)
    USART_ClockStructInit                    0x08005cf3   Thumb Code    12  stm32f10x_usart.o(.text)
    USART_Cmd                                0x08005cff   Thumb Code    24  stm32f10x_usart.o(.text)
    USART_ITConfig                           0x08005d17   Thumb Code    74  stm32f10x_usart.o(.text)
    USART_DMACmd                             0x08005d61   Thumb Code    18  stm32f10x_usart.o(.text)
    USART_SetAddress                         0x08005d73   Thumb Code    18  stm32f10x_usart.o(.text)
    USART_WakeUpConfig                       0x08005d85   Thumb Code    18  stm32f10x_usart.o(.text)
    USART_ReceiverWakeUpCmd                  0x08005d97   Thumb Code    24  stm32f10x_usart.o(.text)
    USART_LINBreakDetectLengthConfig         0x08005daf   Thumb Code    18  stm32f10x_usart.o(.text)
    USART_LINCmd                             0x08005dc1   Thumb Code    24  stm32f10x_usart.o(.text)
    USART_SendData                           0x08005dd9   Thumb Code     8  stm32f10x_usart.o(.text)
    USART_ReceiveData                        0x08005de1   Thumb Code    10  stm32f10x_usart.o(.text)
    USART_SendBreak                          0x08005deb   Thumb Code    10  stm32f10x_usart.o(.text)
    USART_SetGuardTime                       0x08005df5   Thumb Code    16  stm32f10x_usart.o(.text)
    USART_SetPrescaler                       0x08005e05   Thumb Code    16  stm32f10x_usart.o(.text)
    USART_SmartCardCmd                       0x08005e15   Thumb Code    24  stm32f10x_usart.o(.text)
    USART_SmartCardNACKCmd                   0x08005e2d   Thumb Code    24  stm32f10x_usart.o(.text)
    USART_HalfDuplexCmd                      0x08005e45   Thumb Code    24  stm32f10x_usart.o(.text)
    USART_OverSampling8Cmd                   0x08005e5d   Thumb Code    22  stm32f10x_usart.o(.text)
    USART_OneBitMethodCmd                    0x08005e73   Thumb Code    24  stm32f10x_usart.o(.text)
    USART_IrDAConfig                         0x08005e8b   Thumb Code    18  stm32f10x_usart.o(.text)
    USART_IrDACmd                            0x08005e9d   Thumb Code    24  stm32f10x_usart.o(.text)
    USART_GetFlagStatus                      0x08005eb5   Thumb Code    26  stm32f10x_usart.o(.text)
    USART_ClearFlag                          0x08005ecf   Thumb Code    18  stm32f10x_usart.o(.text)
    USART_GetITStatus                        0x08005ee1   Thumb Code    84  stm32f10x_usart.o(.text)
    USART_ClearITPendingBit                  0x08005f35   Thumb Code    52  stm32f10x_usart.o(.text)
    NVIC_PriorityGroupConfig                 0x08005f69   Thumb Code    10  misc.o(.text)
    NVIC_Init                                0x08005f73   Thumb Code   100  misc.o(.text)
    NVIC_SetVectorTable                      0x08005fd7   Thumb Code    14  misc.o(.text)
    NVIC_SystemLPConfig                      0x08005fe5   Thumb Code    34  misc.o(.text)
    SysTick_CLKSourceConfig                  0x08006007   Thumb Code    40  misc.o(.text)
    TIM_DeInit                               0x08006045   Thumb Code   424  stm32f10x_tim.o(.text)
    TIM_TimeBaseInit                         0x080061ed   Thumb Code   122  stm32f10x_tim.o(.text)
    TIM_OC1Init                              0x08006267   Thumb Code   132  stm32f10x_tim.o(.text)
    TIM_OC2Init                              0x080062eb   Thumb Code   154  stm32f10x_tim.o(.text)
    TIM_OC3Init                              0x08006385   Thumb Code   150  stm32f10x_tim.o(.text)
    TIM_OC4Init                              0x0800641b   Thumb Code   182  stm32f10x_tim.o(.text)
    TIM_SetIC4Prescaler                      0x080064d1   Thumb Code    26  stm32f10x_tim.o(.text)
    TIM_SetIC3Prescaler                      0x0800656d   Thumb Code    18  stm32f10x_tim.o(.text)
    TIM_SetIC2Prescaler                      0x080065f9   Thumb Code    26  stm32f10x_tim.o(.text)
    TIM_SetIC1Prescaler                      0x08006695   Thumb Code    18  stm32f10x_tim.o(.text)
    TIM_ICInit                               0x08006713   Thumb Code   150  stm32f10x_tim.o(.text)
    TIM_PWMIConfig                           0x080067a9   Thumb Code   124  stm32f10x_tim.o(.text)
    TIM_BDTRConfig                           0x08006825   Thumb Code    32  stm32f10x_tim.o(.text)
    TIM_TimeBaseStructInit                   0x08006845   Thumb Code    18  stm32f10x_tim.o(.text)
    TIM_OCStructInit                         0x08006857   Thumb Code    20  stm32f10x_tim.o(.text)
    TIM_ICStructInit                         0x0800686b   Thumb Code    18  stm32f10x_tim.o(.text)
    TIM_BDTRStructInit                       0x0800687d   Thumb Code    40  stm32f10x_tim.o(.text)
    TIM_Cmd                                  0x080068a5   Thumb Code    24  stm32f10x_tim.o(.text)
    TIM_CtrlPWMOutputs                       0x080068bd   Thumb Code    30  stm32f10x_tim.o(.text)
    TIM_ITConfig                             0x080068db   Thumb Code    18  stm32f10x_tim.o(.text)
    TIM_GenerateEvent                        0x080068ed   Thumb Code     4  stm32f10x_tim.o(.text)
    TIM_DMAConfig                            0x080068f1   Thumb Code    10  stm32f10x_tim.o(.text)
    TIM_DMACmd                               0x080068fb   Thumb Code    18  stm32f10x_tim.o(.text)
    TIM_InternalClockConfig                  0x0800690d   Thumb Code    12  stm32f10x_tim.o(.text)
    TIM_SelectInputTrigger                   0x08006919   Thumb Code    18  stm32f10x_tim.o(.text)
    TIM_ITRxExternalClockConfig              0x0800692b   Thumb Code    24  stm32f10x_tim.o(.text)
    TIM_TIxExternalClockConfig               0x08006943   Thumb Code    62  stm32f10x_tim.o(.text)
    TIM_ETRConfig                            0x08006981   Thumb Code    28  stm32f10x_tim.o(.text)
    TIM_ETRClockMode1Config                  0x0800699d   Thumb Code    54  stm32f10x_tim.o(.text)
    TIM_ETRClockMode2Config                  0x080069d3   Thumb Code    32  stm32f10x_tim.o(.text)
    TIM_PrescalerConfig                      0x080069f3   Thumb Code     6  stm32f10x_tim.o(.text)
    TIM_CounterModeConfig                    0x080069f9   Thumb Code    18  stm32f10x_tim.o(.text)
    TIM_EncoderInterfaceConfig               0x08006a0b   Thumb Code    66  stm32f10x_tim.o(.text)
    TIM_ForcedOC1Config                      0x08006a4d   Thumb Code    18  stm32f10x_tim.o(.text)
    TIM_ForcedOC2Config                      0x08006a5f   Thumb Code    26  stm32f10x_tim.o(.text)
    TIM_ForcedOC3Config                      0x08006a79   Thumb Code    18  stm32f10x_tim.o(.text)
    TIM_ForcedOC4Config                      0x08006a8b   Thumb Code    26  stm32f10x_tim.o(.text)
    TIM_ARRPreloadConfig                     0x08006aa5   Thumb Code    24  stm32f10x_tim.o(.text)
    TIM_SelectCOM                            0x08006abd   Thumb Code    24  stm32f10x_tim.o(.text)
    TIM_SelectCCDMA                          0x08006ad5   Thumb Code    24  stm32f10x_tim.o(.text)
    TIM_CCPreloadControl                     0x08006aed   Thumb Code    24  stm32f10x_tim.o(.text)
    TIM_OC1PreloadConfig                     0x08006b05   Thumb Code    18  stm32f10x_tim.o(.text)
    TIM_OC2PreloadConfig                     0x08006b17   Thumb Code    26  stm32f10x_tim.o(.text)
    TIM_OC3PreloadConfig                     0x08006b31   Thumb Code    18  stm32f10x_tim.o(.text)
    TIM_OC4PreloadConfig                     0x08006b43   Thumb Code    26  stm32f10x_tim.o(.text)
    TIM_OC1FastConfig                        0x08006b5d   Thumb Code    18  stm32f10x_tim.o(.text)
    TIM_OC2FastConfig                        0x08006b6f   Thumb Code    26  stm32f10x_tim.o(.text)
    TIM_OC3FastConfig                        0x08006b89   Thumb Code    18  stm32f10x_tim.o(.text)
    TIM_OC4FastConfig                        0x08006b9b   Thumb Code    26  stm32f10x_tim.o(.text)
    TIM_ClearOC1Ref                          0x08006bb5   Thumb Code    18  stm32f10x_tim.o(.text)
    TIM_ClearOC2Ref                          0x08006bc7   Thumb Code    24  stm32f10x_tim.o(.text)
    TIM_ClearOC3Ref                          0x08006bdf   Thumb Code    18  stm32f10x_tim.o(.text)
    TIM_ClearOC4Ref                          0x08006bf1   Thumb Code    24  stm32f10x_tim.o(.text)
    TIM_OC1PolarityConfig                    0x08006c09   Thumb Code    18  stm32f10x_tim.o(.text)
    TIM_OC1NPolarityConfig                   0x08006c1b   Thumb Code    18  stm32f10x_tim.o(.text)
    TIM_OC2PolarityConfig                    0x08006c2d   Thumb Code    26  stm32f10x_tim.o(.text)
    TIM_OC2NPolarityConfig                   0x08006c47   Thumb Code    26  stm32f10x_tim.o(.text)
    TIM_OC3PolarityConfig                    0x08006c61   Thumb Code    26  stm32f10x_tim.o(.text)
    TIM_OC3NPolarityConfig                   0x08006c7b   Thumb Code    26  stm32f10x_tim.o(.text)
    TIM_OC4PolarityConfig                    0x08006c95   Thumb Code    26  stm32f10x_tim.o(.text)
    TIM_CCxCmd                               0x08006caf   Thumb Code    30  stm32f10x_tim.o(.text)
    TIM_CCxNCmd                              0x08006ccd   Thumb Code    30  stm32f10x_tim.o(.text)
    TIM_SelectOCxM                           0x08006ceb   Thumb Code    82  stm32f10x_tim.o(.text)
    TIM_UpdateDisableConfig                  0x08006d3d   Thumb Code    24  stm32f10x_tim.o(.text)
    TIM_UpdateRequestConfig                  0x08006d55   Thumb Code    24  stm32f10x_tim.o(.text)
    TIM_SelectHallSensor                     0x08006d6d   Thumb Code    24  stm32f10x_tim.o(.text)
    TIM_SelectOnePulseMode                   0x08006d85   Thumb Code    18  stm32f10x_tim.o(.text)
    TIM_SelectOutputTrigger                  0x08006d97   Thumb Code    18  stm32f10x_tim.o(.text)
    TIM_SelectSlaveMode                      0x08006da9   Thumb Code    18  stm32f10x_tim.o(.text)
    TIM_SelectMasterSlaveMode                0x08006dbb   Thumb Code    18  stm32f10x_tim.o(.text)
    TIM_SetCounter                           0x08006dcd   Thumb Code     4  stm32f10x_tim.o(.text)
    TIM_SetAutoreload                        0x08006dd1   Thumb Code     4  stm32f10x_tim.o(.text)
    TIM_SetCompare1                          0x08006dd5   Thumb Code     4  stm32f10x_tim.o(.text)
    TIM_SetCompare2                          0x08006dd9   Thumb Code     4  stm32f10x_tim.o(.text)
    TIM_SetCompare3                          0x08006ddd   Thumb Code     4  stm32f10x_tim.o(.text)
    TIM_SetCompare4                          0x08006de1   Thumb Code     6  stm32f10x_tim.o(.text)
    TIM_SetClockDivision                     0x08006de7   Thumb Code    18  stm32f10x_tim.o(.text)
    TIM_GetCapture1                          0x08006df9   Thumb Code     6  stm32f10x_tim.o(.text)
    TIM_GetCapture2                          0x08006dff   Thumb Code     6  stm32f10x_tim.o(.text)
    TIM_GetCapture3                          0x08006e05   Thumb Code     6  stm32f10x_tim.o(.text)
    TIM_GetCapture4                          0x08006e0b   Thumb Code     8  stm32f10x_tim.o(.text)
    TIM_GetCounter                           0x08006e13   Thumb Code     6  stm32f10x_tim.o(.text)
    TIM_GetPrescaler                         0x08006e19   Thumb Code     6  stm32f10x_tim.o(.text)
    TIM_GetFlagStatus                        0x08006e1f   Thumb Code    18  stm32f10x_tim.o(.text)
    TIM_ClearFlag                            0x08006e31   Thumb Code     6  stm32f10x_tim.o(.text)
    TIM_GetITStatus                          0x08006e37   Thumb Code    34  stm32f10x_tim.o(.text)
    TIM_ClearITPendingBit                    0x08006e59   Thumb Code     6  stm32f10x_tim.o(.text)
    FLASH_SetLatency                         0x08006e61   Thumb Code    18  stm32f10x_flash.o(.text)
    FLASH_HalfCycleAccessCmd                 0x08006e73   Thumb Code    22  stm32f10x_flash.o(.text)
    FLASH_PrefetchBufferCmd                  0x08006e89   Thumb Code    22  stm32f10x_flash.o(.text)
    FLASH_Unlock                             0x08006e9f   Thumb Code    12  stm32f10x_flash.o(.text)
    FLASH_UnlockBank1                        0x08006eab   Thumb Code    12  stm32f10x_flash.o(.text)
    FLASH_Lock                               0x08006eb7   Thumb Code    14  stm32f10x_flash.o(.text)
    FLASH_LockBank1                          0x08006ec5   Thumb Code    14  stm32f10x_flash.o(.text)
    FLASH_GetBank1Status                     0x08006ed3   Thumb Code    48  stm32f10x_flash.o(.text)
    FLASH_WaitForLastOperation               0x08006f03   Thumb Code    38  stm32f10x_flash.o(.text)
    FLASH_ErasePage                          0x08006f29   Thumb Code    72  stm32f10x_flash.o(.text)
    FLASH_EraseAllPages                      0x08006f71   Thumb Code    68  stm32f10x_flash.o(.text)
    FLASH_WaitForLastBank1Operation          0x08006fb5   Thumb Code    38  stm32f10x_flash.o(.text)
    FLASH_EraseAllBank1Pages                 0x08006fdb   Thumb Code    68  stm32f10x_flash.o(.text)
    FLASH_GetReadOutProtectionStatus         0x0800701f   Thumb Code    20  stm32f10x_flash.o(.text)
    FLASH_EraseOptionBytes                   0x08007033   Thumb Code   150  stm32f10x_flash.o(.text)
    FLASH_ProgramWord                        0x080070c9   Thumb Code   102  stm32f10x_flash.o(.text)
    FLASH_ProgramHalfWord                    0x0800712f   Thumb Code    60  stm32f10x_flash.o(.text)
    FLASH_ProgramOptionByteData              0x0800716b   Thumb Code    72  stm32f10x_flash.o(.text)
    FLASH_EnableWriteProtection              0x080071b3   Thumb Code   200  stm32f10x_flash.o(.text)
    FLASH_ReadOutProtection                  0x0800727b   Thumb Code   156  stm32f10x_flash.o(.text)
    FLASH_UserOptionByteConfig               0x08007317   Thumb Code    88  stm32f10x_flash.o(.text)
    FLASH_GetUserOptionByte                  0x0800736f   Thumb Code     8  stm32f10x_flash.o(.text)
    FLASH_GetWriteProtectionOptionByte       0x08007377   Thumb Code     6  stm32f10x_flash.o(.text)
    FLASH_GetPrefetchBufferStatus            0x0800737d   Thumb Code    20  stm32f10x_flash.o(.text)
    FLASH_ITConfig                           0x08007391   Thumb Code    26  stm32f10x_flash.o(.text)
    FLASH_GetFlagStatus                      0x080073ab   Thumb Code    42  stm32f10x_flash.o(.text)
    FLASH_ClearFlag                          0x080073d5   Thumb Code     6  stm32f10x_flash.o(.text)
    FLASH_GetStatus                          0x080073db   Thumb Code    48  stm32f10x_flash.o(.text)
    ADC_DeInit                               0x0800741d   Thumb Code    78  stm32f10x_adc.o(.text)
    ADC_Init                                 0x0800746b   Thumb Code    70  stm32f10x_adc.o(.text)
    ADC_StructInit                           0x080074b1   Thumb Code    18  stm32f10x_adc.o(.text)
    ADC_Cmd                                  0x080074c3   Thumb Code    22  stm32f10x_adc.o(.text)
    ADC_DMACmd                               0x080074d9   Thumb Code    22  stm32f10x_adc.o(.text)
    ADC_ITConfig                             0x080074ef   Thumb Code    24  stm32f10x_adc.o(.text)
    ADC_ResetCalibration                     0x08007507   Thumb Code    10  stm32f10x_adc.o(.text)
    ADC_GetResetCalibrationStatus            0x08007511   Thumb Code    20  stm32f10x_adc.o(.text)
    ADC_StartCalibration                     0x08007525   Thumb Code    10  stm32f10x_adc.o(.text)
    ADC_GetCalibrationStatus                 0x0800752f   Thumb Code    20  stm32f10x_adc.o(.text)
    ADC_SoftwareStartConvCmd                 0x08007543   Thumb Code    22  stm32f10x_adc.o(.text)
    ADC_GetSoftwareStartConvStatus           0x08007559   Thumb Code    20  stm32f10x_adc.o(.text)
    ADC_DiscModeChannelCountConfig           0x0800756d   Thumb Code    24  stm32f10x_adc.o(.text)
    ADC_DiscModeCmd                          0x08007585   Thumb Code    22  stm32f10x_adc.o(.text)
    ADC_RegularChannelConfig                 0x0800759b   Thumb Code   184  stm32f10x_adc.o(.text)
    ADC_ExternalTrigConvCmd                  0x08007653   Thumb Code    22  stm32f10x_adc.o(.text)
    ADC_GetConversionValue                   0x08007669   Thumb Code     8  stm32f10x_adc.o(.text)
    ADC_GetDualModeConversionValue           0x08007671   Thumb Code     8  stm32f10x_adc.o(.text)
    ADC_AutoInjectedConvCmd                  0x08007679   Thumb Code    22  stm32f10x_adc.o(.text)
    ADC_InjectedDiscModeCmd                  0x0800768f   Thumb Code    22  stm32f10x_adc.o(.text)
    ADC_ExternalTrigInjectedConvConfig       0x080076a5   Thumb Code    16  stm32f10x_adc.o(.text)
    ADC_ExternalTrigInjectedConvCmd          0x080076b5   Thumb Code    22  stm32f10x_adc.o(.text)
    ADC_SoftwareStartInjectedConvCmd         0x080076cb   Thumb Code    22  stm32f10x_adc.o(.text)
    ADC_GetSoftwareStartInjectedConvCmdStatus 0x080076e1   Thumb Code    20  stm32f10x_adc.o(.text)
    ADC_InjectedChannelConfig                0x080076f5   Thumb Code   130  stm32f10x_adc.o(.text)
    ADC_InjectedSequencerLengthConfig        0x08007777   Thumb Code    24  stm32f10x_adc.o(.text)
    ADC_SetInjectedOffset                    0x0800778f   Thumb Code    20  stm32f10x_adc.o(.text)
    ADC_GetInjectedConversionValue           0x080077a3   Thumb Code    28  stm32f10x_adc.o(.text)
    ADC_AnalogWatchdogCmd                    0x080077bf   Thumb Code    16  stm32f10x_adc.o(.text)
    ADC_AnalogWatchdogThresholdsConfig       0x080077cf   Thumb Code     6  stm32f10x_adc.o(.text)
    ADC_AnalogWatchdogSingleChannelConfig    0x080077d5   Thumb Code    16  stm32f10x_adc.o(.text)
    ADC_TempSensorVrefintCmd                 0x080077e5   Thumb Code    64  stm32f10x_adc.o(.text)
    ADC_GetFlagStatus                        0x08007825   Thumb Code    18  stm32f10x_adc.o(.text)
    ADC_ClearFlag                            0x08007837   Thumb Code     6  stm32f10x_adc.o(.text)
    ADC_GetITStatus                          0x0800783d   Thumb Code    36  stm32f10x_adc.o(.text)
    ADC_ClearITPendingBit                    0x08007861   Thumb Code    10  stm32f10x_adc.o(.text)
    toupper                                  0x0800786b   Thumb Code    30  toupper.o(.text)
    __c89vsprintf                            0x08007889   Thumb Code    32  c89vsprintf.o(.text)
    strstr                                   0x080078ad   Thumb Code    36  strstr.o(.text)
    strcpy                                   0x080078d1   Thumb Code    72  strcpy.o(.text)
    strlen                                   0x08007919   Thumb Code    62  strlen.o(.text)
    strcat                                   0x08007957   Thumb Code    24  strcat.o(.text)
    __aeabi_memcpy                           0x0800796f   Thumb Code     0  rt_memcpy_v6.o(.text)
    __rt_memcpy                              0x0800796f   Thumb Code   138  rt_memcpy_v6.o(.text)
    _memcpy_lastbytes                        0x080079d5   Thumb Code     0  rt_memcpy_v6.o(.text)
    __aeabi_memcpy4                          0x080079f9   Thumb Code     0  rt_memcpy_w.o(.text)
    __aeabi_memcpy8                          0x080079f9   Thumb Code     0  rt_memcpy_w.o(.text)
    __rt_memcpy_w                            0x080079f9   Thumb Code   100  rt_memcpy_w.o(.text)
    _memcpy_lastbytes_aligned                0x08007a41   Thumb Code     0  rt_memcpy_w.o(.text)
    __aeabi_memclr                           0x08007a5d   Thumb Code     0  rt_memclr.o(.text)
    __rt_memclr                              0x08007a5d   Thumb Code    68  rt_memclr.o(.text)
    _memset                                  0x08007a61   Thumb Code     0  rt_memclr.o(.text)
    __use_two_region_memory                  0x08007aa1   Thumb Code     2  heapauxi.o(.text)
    __rt_heap_escrow$2region                 0x08007aa3   Thumb Code     2  heapauxi.o(.text)
    __rt_heap_expand$2region                 0x08007aa5   Thumb Code     2  heapauxi.o(.text)
    __rt_ctype_table                         0x08007aa9   Thumb Code    16  rt_ctype_table.o(.text)
    _printf_pre_padding                      0x08007ab9   Thumb Code    44  _printf_pad.o(.text)
    _printf_post_padding                     0x08007ae5   Thumb Code    34  _printf_pad.o(.text)
    _printf_truncate_signed                  0x08007b07   Thumb Code    18  _printf_truncate.o(.text)
    _printf_truncate_unsigned                0x08007b19   Thumb Code    18  _printf_truncate.o(.text)
    _printf_str                              0x08007b2b   Thumb Code    82  _printf_str.o(.text)
    _printf_int_dec                          0x08007b7d   Thumb Code   104  _printf_dec.o(.text)
    _printf_charcount                        0x08007bf5   Thumb Code    40  _printf_charcount.o(.text)
    _printf_char_common                      0x08007c27   Thumb Code    32  _printf_char_common.o(.text)
    _sputc                                   0x08007c4d   Thumb Code    10  _sputc.o(.text)
    _printf_wctomb                           0x08007c59   Thumb Code   182  _printf_wctomb.o(.text)
    _printf_longlong_dec                     0x08007d15   Thumb Code   108  _printf_longlong_dec.o(.text)
    _printf_longlong_oct                     0x08007d91   Thumb Code    68  _printf_oct_int_ll.o(.text)
    _printf_int_oct                          0x08007dd5   Thumb Code    24  _printf_oct_int_ll.o(.text)
    _printf_ll_oct                           0x08007ded   Thumb Code    12  _printf_oct_int_ll.o(.text)
    _printf_longlong_hex                     0x08007e01   Thumb Code    86  _printf_hex_int_ll_ptr.o(.text)
    _printf_int_hex                          0x08007e57   Thumb Code    28  _printf_hex_int_ll_ptr.o(.text)
    _printf_ll_hex                           0x08007e73   Thumb Code    12  _printf_hex_int_ll_ptr.o(.text)
    _printf_hex_ptr                          0x08007e7f   Thumb Code    18  _printf_hex_int_ll_ptr.o(.text)
    __printf                                 0x08007e95   Thumb Code   388  __printf_flags_ss_wp.o(.text)
    __aeabi_memclr4                          0x0800801d   Thumb Code     0  rt_memclr_w.o(.text)
    __aeabi_memclr8                          0x0800801d   Thumb Code     0  rt_memclr_w.o(.text)
    __rt_memclr_w                            0x0800801d   Thumb Code    78  rt_memclr_w.o(.text)
    _memset_w                                0x08008021   Thumb Code     0  rt_memclr_w.o(.text)
    __rt_locale                              0x0800806d   Thumb Code     8  rt_locale_intlibspace.o(.text)
    _ll_udiv10                               0x08008075   Thumb Code   138  lludiv10.o(.text)
    _printf_int_common                       0x080080ff   Thumb Code   178  _printf_intcommon.o(.text)
    __lib_sel_fp_printf                      0x080081b1   Thumb Code     2  _printf_fp_dec.o(.text)
    _printf_fp_dec_real                      0x0800835f   Thumb Code   620  _printf_fp_dec.o(.text)
    _printf_cs_common                        0x080085cb   Thumb Code    20  _printf_char.o(.text)
    _printf_char                             0x080085df   Thumb Code    16  _printf_char.o(.text)
    _printf_string                           0x080085ef   Thumb Code     8  _printf_char.o(.text)
    _printf_lcs_common                       0x080085f7   Thumb Code    20  _printf_wchar.o(.text)
    _printf_wchar                            0x0800860b   Thumb Code    16  _printf_wchar.o(.text)
    _printf_wstring                          0x0800861b   Thumb Code     8  _printf_wchar.o(.text)
    _wcrtomb                                 0x08008623   Thumb Code    64  _wcrtomb.o(.text)
    __user_libspace                          0x08008665   Thumb Code     8  libspace.o(.text)
    __user_perproc_libspace                  0x08008665   Thumb Code     0  libspace.o(.text)
    __user_perthread_libspace                0x08008665   Thumb Code     0  libspace.o(.text)
    __user_setup_stackheap                   0x0800866d   Thumb Code    74  sys_stackheap_outer.o(.text)
    _printf_fp_infnan                        0x080086b9   Thumb Code   112  _printf_fp_infnan.o(.text)
    _btod_etento                             0x08008739   Thumb Code   216  bigflt0.o(.text)
    exit                                     0x08008815   Thumb Code    12  exit.o(.text)
    strcmp                                   0x08008821   Thumb Code   128  strcmpv7m.o(.text)
    _sys_exit                                0x080088a1   Thumb Code     8  sys_exit.o(.text)
    __I$use$semihosting                      0x080088ad   Thumb Code     0  use_no_semi.o(.text)
    __use_no_semihosting_swi                 0x080088ad   Thumb Code     2  use_no_semi.o(.text)
    __semihosting_library_function           0x080088af   Thumb Code     0  indicate_semi.o(.text)
    _btod_d2e                                0x080088af   Thumb Code    62  btod.o(CL$$btod_d2e)
    _d2e_denorm_low                          0x080088ed   Thumb Code    70  btod.o(CL$$btod_d2e_denorm_low)
    _d2e_norm_op1                            0x08008933   Thumb Code    96  btod.o(CL$$btod_d2e_norm_op1)
    __btod_div_common                        0x08008993   Thumb Code   696  btod.o(CL$$btod_div_common)
    _e2e                                     0x08008ccb   Thumb Code   198  btod.o(CL$$btod_e2e)
    _btod_ediv                               0x08008d91   Thumb Code    40  btod.o(CL$$btod_ediv)
    _btod_emul                               0x08008db9   Thumb Code    40  btod.o(CL$$btod_emul)
    __btod_mult_common                       0x08008de1   Thumb Code   580  btod.o(CL$$btod_mult_common)
    __ARM_fpclassify                         0x08009025   Thumb Code    40  fpclassify.o(i.__ARM_fpclassify)
    _is_digit                                0x0800904d   Thumb Code    14  __printf_wp.o(i._is_digit)
    _get_lc_ctype                            0x0800905d   Thumb Code    44  lc_ctype_c.o(locale$$code)
    _get_lc_numeric                          0x08009089   Thumb Code    44  lc_numeric_c.o(locale$$code)
    __aeabi_fadd                             0x080090b5   Thumb Code     0  faddsub_clz.o(x$fpl$fadd)
    _fadd                                    0x080090b5   Thumb Code   196  faddsub_clz.o(x$fpl$fadd)
    __aeabi_fdiv                             0x08009179   Thumb Code     0  fdiv.o(x$fpl$fdiv)
    _fdiv                                    0x08009179   Thumb Code   384  fdiv.o(x$fpl$fdiv)
    __aeabi_f2uiz                            0x080092fd   Thumb Code     0  ffixu.o(x$fpl$ffixu)
    _ffixu                                   0x080092fd   Thumb Code    62  ffixu.o(x$fpl$ffixu)
    __aeabi_ui2f                             0x0800933d   Thumb Code     0  fflt_clz.o(x$fpl$ffltu)
    _ffltu                                   0x0800933d   Thumb Code    38  fflt_clz.o(x$fpl$ffltu)
    __aeabi_fmul                             0x08009365   Thumb Code     0  fmul.o(x$fpl$fmul)
    _fmul                                    0x08009365   Thumb Code   258  fmul.o(x$fpl$fmul)
    __fpl_fnaninf                            0x08009467   Thumb Code   140  fnaninf.o(x$fpl$fnaninf)
    __fpl_fretinf                            0x080094f3   Thumb Code    10  fretinf.o(x$fpl$fretinf)
    __aeabi_fsub                             0x080094fd   Thumb Code     0  faddsub_clz.o(x$fpl$fsub)
    _fsub                                    0x080094fd   Thumb Code   234  faddsub_clz.o(x$fpl$fsub)
    _printf_fp_dec                           0x080095e7   Thumb Code     4  printf1.o(x$fpl$printf1)
    F6x8                                     0x080095ea   Data         552  oled.o(.constdata)
    __I$use$fp                               0x080095ea   Number         0  usenofp.o(x$fpl$usenofp)
    F8X16                                    0x08009812   Data        1520  oled.o(.constdata)
    Region$$Table$$Base                      0x08009f64   Number         0  anon$$obj.o(Region$$Table)
    Region$$Table$$Limit                     0x08009f84   Number         0  anon$$obj.o(Region$$Table)
    __ctype                                  0x08009f91   Data           0  lc_ctype_c.o(locale$$data)
    BMP2                                     0x20000000   Data         200  main.o(.data)
    BMP3                                     0x200000c8   Data          30  main.o(.data)
    BMP4                                     0x200000e6   Data          30  main.o(.data)
    in_pwd1                                  0x20000104   Data           4  main.o(.data)
    in_pwd2                                  0x20000108   Data           4  main.o(.data)
    in_pwd3                                  0x2000010c   Data           4  main.o(.data)
    in_pwd4                                  0x20000110   Data           4  main.o(.data)
    in_pwd5                                  0x20000114   Data           4  main.o(.data)
    in_pwd6                                  0x20000118   Data           4  main.o(.data)
    in_pwd7                                  0x2000011c   Data           4  main.o(.data)
    in_pwd8                                  0x20000120   Data           4  main.o(.data)
    str                                      0x20000124   Data           4  main.o(.data)
    fall_time                                0x20000128   Data           4  main.o(.data)
    in_time                                  0x2000012c   Data           4  main.o(.data)
    mykey                                    0x20000130   Data           4  main.o(.data)
    root_pwd                                 0x20000134   Data           8  main.o(.data)
    open_pwd                                 0x2000013c   Data           8  main.o(.data)
    ValidN                                   0x20000144   Data           2  main.o(.data)
    SystemCoreClock                          0x20000148   Data           4  system_stm32f10x.o(.data)
    AHBPrescTable                            0x2000014c   Data          16  system_stm32f10x.o(.data)
    AS608Addr                                0x2000015c   Data           4  as608.o(.data)
    Hzk                                      0x20000160   Data         896  oled.o(.data)
    First_Int                                0x200004e0   Data           1  usart.o(.data)
    receive_mode                             0x200004e1   Data           1  usart.o(.data)
    find_string_flag                         0x200004e2   Data           1  usart.o(.data)
    has_call_flag                            0x200004e3   Data           1  usart.o(.data)
    num_message                              0x200004e4   Data           4  usart.o(.data)
    AT_CMGS                                  0x200004ec   Data           4  usart.o(.data)
    pdu_content                              0x200004f0   Data           4  usart.o(.data)
    USART2_RX_STA                            0x200004f6   Data           2  usart2.o(.data)
    AS608Para                                0x20000524   Data          12  main.o(.bss)
    STMFLASH_BUF                             0x20000530   Data        2048  stmflash.o(.bss)
    Uart1_Buf                                0x20000d30   Data         100  usart.o(.bss)
    error_result                             0x20000d94   Data          20  usart.o(.bss)
    AT_CMGR                                  0x20000da8   Data          15  usart.o(.bss)
    USART2_RX_BUF                            0x20000db7   Data         400  usart2.o(.bss)
    USART2_TX_BUF                            0x20000f47   Data         400  usart2.o(.bss)
    currentDataPoint                         0x200010d7   Data           9  gizwits_product.o(.bss)
    gizwitsProtocol                          0x200010e0   Data         272  gizwits_protocol.o(.bss)
    pRb                                      0x200011f0   Data          16  gizwits_protocol.o(.bss)
    __libspace_start                         0x20001234   Data          96  libspace.o(.bss)
    __temporary_stack_top$libspace           0x20001294   Data           0  libspace.o(.bss)



==============================================================================

Memory Map of the image

  Image Entry point : 0x08000131

  Load Region LR_IROM1 (Base: 0x08000000, Size: 0x0000a5d4, Max: 0x00080000, ABSOLUTE, COMPRESSED[0x0000a324])

    Execution Region ER_IROM1 (Base: 0x08000000, Size: 0x0000a0b0, Max: 0x00080000, ABSOLUTE)

    Base Addr    Size         Type   Attr      Idx    E Section Name        Object

    0x08000000   0x00000130   Data   RO          580    RESET               startup_stm32f10x_hd.o
    0x08000130   0x00000008   Code   RO          705  * !!!main             c_w.l(__main.o)
    0x08000138   0x00000034   Code   RO         1046    !!!scatter          c_w.l(__scatter.o)
    0x0800016c   0x0000005a   Code   RO         1044    !!dczerorl2         c_w.l(__dczerorl2.o)
    0x080001c6   0x00000002   PAD
    0x080001c8   0x0000001c   Code   RO         1048    !!handler_zi        c_w.l(__scatter_zi.o)
    0x080001e4   0x00000000   Code   RO          813    .ARM.Collect$$_printf_percent$$00000000  c_w.l(_printf_percent.o)
    0x080001e4   0x00000006   Code   RO          802    .ARM.Collect$$_printf_percent$$00000001  c_w.l(_printf_n.o)
    0x080001ea   0x00000006   Code   RO          804    .ARM.Collect$$_printf_percent$$00000002  c_w.l(_printf_p.o)
    0x080001f0   0x00000006   Code   RO          809    .ARM.Collect$$_printf_percent$$00000003  c_w.l(_printf_f.o)
    0x080001f6   0x00000006   Code   RO          810    .ARM.Collect$$_printf_percent$$00000004  c_w.l(_printf_e.o)
    0x080001fc   0x00000006   Code   RO          811    .ARM.Collect$$_printf_percent$$00000005  c_w.l(_printf_g.o)
    0x08000202   0x00000006   Code   RO          812    .ARM.Collect$$_printf_percent$$00000006  c_w.l(_printf_a.o)
    0x08000208   0x0000000a   Code   RO          817    .ARM.Collect$$_printf_percent$$00000007  c_w.l(_printf_ll.o)
    0x08000212   0x00000006   Code   RO          806    .ARM.Collect$$_printf_percent$$00000008  c_w.l(_printf_i.o)
    0x08000218   0x00000006   Code   RO          807    .ARM.Collect$$_printf_percent$$00000009  c_w.l(_printf_d.o)
    0x0800021e   0x00000006   Code   RO          808    .ARM.Collect$$_printf_percent$$0000000A  c_w.l(_printf_u.o)
    0x08000224   0x00000006   Code   RO          805    .ARM.Collect$$_printf_percent$$0000000B  c_w.l(_printf_o.o)
    0x0800022a   0x00000006   Code   RO          803    .ARM.Collect$$_printf_percent$$0000000C  c_w.l(_printf_x.o)
    0x08000230   0x00000006   Code   RO          814    .ARM.Collect$$_printf_percent$$0000000D  c_w.l(_printf_lli.o)
    0x08000236   0x00000006   Code   RO          815    .ARM.Collect$$_printf_percent$$0000000E  c_w.l(_printf_lld.o)
    0x0800023c   0x00000006   Code   RO          816    .ARM.Collect$$_printf_percent$$0000000F  c_w.l(_printf_llu.o)
    0x08000242   0x00000006   Code   RO          821    .ARM.Collect$$_printf_percent$$00000010  c_w.l(_printf_llo.o)
    0x08000248   0x00000006   Code   RO          822    .ARM.Collect$$_printf_percent$$00000011  c_w.l(_printf_llx.o)
    0x0800024e   0x0000000a   Code   RO          818    .ARM.Collect$$_printf_percent$$00000012  c_w.l(_printf_l.o)
    0x08000258   0x00000006   Code   RO          800    .ARM.Collect$$_printf_percent$$00000013  c_w.l(_printf_c.o)
    0x0800025e   0x00000006   Code   RO          801    .ARM.Collect$$_printf_percent$$00000014  c_w.l(_printf_s.o)
    0x08000264   0x00000006   Code   RO          819    .ARM.Collect$$_printf_percent$$00000015  c_w.l(_printf_lc.o)
    0x0800026a   0x00000006   Code   RO          820    .ARM.Collect$$_printf_percent$$00000016  c_w.l(_printf_ls.o)
    0x08000270   0x00000004   Code   RO          864    .ARM.Collect$$_printf_percent$$00000017  c_w.l(_printf_percent_end.o)
    0x08000274   0x00000002   Code   RO          914    .ARM.Collect$$libinit$$00000000  c_w.l(libinit.o)
    0x08000276   0x00000000   Code   RO          916    .ARM.Collect$$libinit$$00000002  c_w.l(libinit2.o)
    0x08000276   0x00000000   Code   RO          918    .ARM.Collect$$libinit$$00000004  c_w.l(libinit2.o)
    0x08000276   0x00000000   Code   RO          921    .ARM.Collect$$libinit$$0000000A  c_w.l(libinit2.o)
    0x08000276   0x00000000   Code   RO          923    .ARM.Collect$$libinit$$0000000C  c_w.l(libinit2.o)
    0x08000276   0x00000000   Code   RO          925    .ARM.Collect$$libinit$$0000000E  c_w.l(libinit2.o)
    0x08000276   0x00000006   Code   RO          926    .ARM.Collect$$libinit$$0000000F  c_w.l(libinit2.o)
    0x0800027c   0x00000000   Code   RO          928    .ARM.Collect$$libinit$$00000011  c_w.l(libinit2.o)
    0x0800027c   0x0000000c   Code   RO          929    .ARM.Collect$$libinit$$00000012  c_w.l(libinit2.o)
    0x08000288   0x00000000   Code   RO          930    .ARM.Collect$$libinit$$00000013  c_w.l(libinit2.o)
    0x08000288   0x00000000   Code   RO          932    .ARM.Collect$$libinit$$00000015  c_w.l(libinit2.o)
    0x08000288   0x0000000a   Code   RO          933    .ARM.Collect$$libinit$$00000016  c_w.l(libinit2.o)
    0x08000292   0x00000000   Code   RO          934    .ARM.Collect$$libinit$$00000017  c_w.l(libinit2.o)
    0x08000292   0x00000000   Code   RO          936    .ARM.Collect$$libinit$$00000019  c_w.l(libinit2.o)
    0x08000292   0x00000000   Code   RO          938    .ARM.Collect$$libinit$$0000001B  c_w.l(libinit2.o)
    0x08000292   0x00000000   Code   RO          940    .ARM.Collect$$libinit$$0000001D  c_w.l(libinit2.o)
    0x08000292   0x00000000   Code   RO          942    .ARM.Collect$$libinit$$0000001F  c_w.l(libinit2.o)
    0x08000292   0x00000000   Code   RO          944    .ARM.Collect$$libinit$$00000021  c_w.l(libinit2.o)
    0x08000292   0x00000000   Code   RO          946    .ARM.Collect$$libinit$$00000023  c_w.l(libinit2.o)
    0x08000292   0x00000000   Code   RO          948    .ARM.Collect$$libinit$$00000025  c_w.l(libinit2.o)
    0x08000292   0x00000000   Code   RO          952    .ARM.Collect$$libinit$$0000002C  c_w.l(libinit2.o)
    0x08000292   0x00000000   Code   RO          954    .ARM.Collect$$libinit$$0000002E  c_w.l(libinit2.o)
    0x08000292   0x00000000   Code   RO          956    .ARM.Collect$$libinit$$00000030  c_w.l(libinit2.o)
    0x08000292   0x00000000   Code   RO          958    .ARM.Collect$$libinit$$00000032  c_w.l(libinit2.o)
    0x08000292   0x00000002   Code   RO          959    .ARM.Collect$$libinit$$00000033  c_w.l(libinit2.o)
    0x08000294   0x00000002   Code   RO          993    .ARM.Collect$$libshutdown$$00000000  c_w.l(libshutdown.o)
    0x08000296   0x00000000   Code   RO         1005    .ARM.Collect$$libshutdown$$00000003  c_w.l(libshutdown2.o)
    0x08000296   0x00000000   Code   RO         1008    .ARM.Collect$$libshutdown$$00000006  c_w.l(libshutdown2.o)
    0x08000296   0x00000000   Code   RO         1011    .ARM.Collect$$libshutdown$$00000009  c_w.l(libshutdown2.o)
    0x08000296   0x00000000   Code   RO         1013    .ARM.Collect$$libshutdown$$0000000B  c_w.l(libshutdown2.o)
    0x08000296   0x00000000   Code   RO         1016    .ARM.Collect$$libshutdown$$0000000E  c_w.l(libshutdown2.o)
    0x08000296   0x00000002   Code   RO         1017    .ARM.Collect$$libshutdown$$0000000F  c_w.l(libshutdown2.o)
    0x08000298   0x00000000   Code   RO          729    .ARM.Collect$$rtentry$$00000000  c_w.l(__rtentry.o)
    0x08000298   0x00000000   Code   RO          833    .ARM.Collect$$rtentry$$00000002  c_w.l(__rtentry2.o)
    0x08000298   0x00000006   Code   RO          845    .ARM.Collect$$rtentry$$00000004  c_w.l(__rtentry4.o)
    0x0800029e   0x00000000   Code   RO          835    .ARM.Collect$$rtentry$$00000009  c_w.l(__rtentry2.o)
    0x0800029e   0x00000004   Code   RO          836    .ARM.Collect$$rtentry$$0000000A  c_w.l(__rtentry2.o)
    0x080002a2   0x00000000   Code   RO          838    .ARM.Collect$$rtentry$$0000000C  c_w.l(__rtentry2.o)
    0x080002a2   0x00000008   Code   RO          839    .ARM.Collect$$rtentry$$0000000D  c_w.l(__rtentry2.o)
    0x080002aa   0x00000002   Code   RO          964    .ARM.Collect$$rtexit$$00000000  c_w.l(rtexit.o)
    0x080002ac   0x00000000   Code   RO          971    .ARM.Collect$$rtexit$$00000002  c_w.l(rtexit2.o)
    0x080002ac   0x00000004   Code   RO          972    .ARM.Collect$$rtexit$$00000003  c_w.l(rtexit2.o)
    0x080002b0   0x00000006   Code   RO          973    .ARM.Collect$$rtexit$$00000004  c_w.l(rtexit2.o)
    0x080002b6   0x00000002   PAD
    0x080002b8   0x00001168   Code   RO            1    .text               main.o
    0x08001420   0x0000001a   Code   RO          180    .text               stm32f10x_it.o
    0x0800143a   0x00000002   PAD
    0x0800143c   0x000001e0   Code   RO          221    .text               system_stm32f10x.o
    0x0800161c   0x00000038   Code   RO          239    .text               beep.o
    0x08001654   0x00000730   Code   RO          251    .text               as608.o
    0x08001d84   0x00000204   Code   RO          269    .text               key.o
    0x08001f88   0x0000067c   Code   RO          281    .text               led.o
    0x08002604   0x00000144   Code   RO          296    .text               stmflash.o
    0x08002748   0x000005cc   Code   RO          311    .text               oled.o
    0x08002d14   0x000000e8   Code   RO          331    .text               adc.o
    0x08002dfc   0x0000008c   Code   RO          343    .text               timer.o
    0x08002e88   0x0000005e   Code   RO          359    .text               timer2.o
    0x08002ee6   0x00000002   PAD
    0x08002ee8   0x00000078   Code   RO          375    .text               timer3.o
    0x08002f60   0x000006bc   Code   RO          397    .text               usart.o
    0x0800361c   0x0000017c   Code   RO          417    .text               usart2.o
    0x08003798   0x000000cc   Code   RO          443    .text               usart3.o
    0x08003864   0x00000398   Code   RO          455    .text               common.o
    0x08003bfc   0x0000034c   Code   RO          468    .text               datapointtools.o
    0x08003f48   0x0000019c   Code   RO          483    .text               gizwits_product.o
    0x080040e4   0x00001098   Code   RO          506    .text               gizwits_protocol.o
    0x0800517c   0x000001ce   Code   RO          525    .text               ringbuffer.o
    0x0800534a   0x00000002   PAD
    0x0800534c   0x000000d4   Code   RO          537    .text               delay.o
    0x08005420   0x00000040   Code   RO          581    .text               startup_stm32f10x_hd.o
    0x08005460   0x0000035c   Code   RO          585    .text               stm32f10x_gpio.o
    0x080057bc   0x000003a4   Code   RO          597    .text               stm32f10x_rcc.o
    0x08005b60   0x00000408   Code   RO          611    .text               stm32f10x_usart.o
    0x08005f68   0x000000dc   Code   RO          635    .text               misc.o
    0x08006044   0x00000e1a   Code   RO          647    .text               stm32f10x_tim.o
    0x08006e5e   0x00000002   PAD
    0x08006e60   0x000005bc   Code   RO          659    .text               stm32f10x_flash.o
    0x0800741c   0x0000044e   Code   RO          671    .text               stm32f10x_adc.o
    0x0800786a   0x0000001e   Code   RO          685    .text               c_w.l(toupper.o)
    0x08007888   0x00000024   Code   RO          687    .text               c_w.l(c89vsprintf.o)
    0x080078ac   0x00000024   Code   RO          689    .text               c_w.l(strstr.o)
    0x080078d0   0x00000048   Code   RO          691    .text               c_w.l(strcpy.o)
    0x08007918   0x0000003e   Code   RO          693    .text               c_w.l(strlen.o)
    0x08007956   0x00000018   Code   RO          695    .text               c_w.l(strcat.o)
    0x0800796e   0x0000008a   Code   RO          697    .text               c_w.l(rt_memcpy_v6.o)
    0x080079f8   0x00000064   Code   RO          699    .text               c_w.l(rt_memcpy_w.o)
    0x08007a5c   0x00000044   Code   RO          701    .text               c_w.l(rt_memclr.o)
    0x08007aa0   0x00000006   Code   RO          703    .text               c_w.l(heapauxi.o)
    0x08007aa6   0x00000002   PAD
    0x08007aa8   0x00000010   Code   RO          730    .text               c_w.l(rt_ctype_table.o)
    0x08007ab8   0x0000004e   Code   RO          734    .text               c_w.l(_printf_pad.o)
    0x08007b06   0x00000024   Code   RO          736    .text               c_w.l(_printf_truncate.o)
    0x08007b2a   0x00000052   Code   RO          738    .text               c_w.l(_printf_str.o)
    0x08007b7c   0x00000078   Code   RO          740    .text               c_w.l(_printf_dec.o)
    0x08007bf4   0x00000028   Code   RO          742    .text               c_w.l(_printf_charcount.o)
    0x08007c1c   0x00000030   Code   RO          744    .text               c_w.l(_printf_char_common.o)
    0x08007c4c   0x0000000a   Code   RO          746    .text               c_w.l(_sputc.o)
    0x08007c56   0x00000002   PAD
    0x08007c58   0x000000bc   Code   RO          748    .text               c_w.l(_printf_wctomb.o)
    0x08007d14   0x0000007c   Code   RO          751    .text               c_w.l(_printf_longlong_dec.o)
    0x08007d90   0x00000070   Code   RO          757    .text               c_w.l(_printf_oct_int_ll.o)
    0x08007e00   0x00000094   Code   RO          777    .text               c_w.l(_printf_hex_int_ll_ptr.o)
    0x08007e94   0x00000188   Code   RO          797    .text               c_w.l(__printf_flags_ss_wp.o)
    0x0800801c   0x0000004e   Code   RO          823    .text               c_w.l(rt_memclr_w.o)
    0x0800806a   0x00000002   PAD
    0x0800806c   0x00000008   Code   RO          850    .text               c_w.l(rt_locale_intlibspace.o)
    0x08008074   0x0000008a   Code   RO          852    .text               c_w.l(lludiv10.o)
    0x080080fe   0x000000b2   Code   RO          854    .text               c_w.l(_printf_intcommon.o)
    0x080081b0   0x0000041a   Code   RO          856    .text               c_w.l(_printf_fp_dec.o)
    0x080085ca   0x0000002c   Code   RO          860    .text               c_w.l(_printf_char.o)
    0x080085f6   0x0000002c   Code   RO          862    .text               c_w.l(_printf_wchar.o)
    0x08008622   0x00000040   Code   RO          865    .text               c_w.l(_wcrtomb.o)
    0x08008662   0x00000002   PAD
    0x08008664   0x00000008   Code   RO          870    .text               c_w.l(libspace.o)
    0x0800866c   0x0000004a   Code   RO          873    .text               c_w.l(sys_stackheap_outer.o)
    0x080086b6   0x00000002   PAD
    0x080086b8   0x00000080   Code   RO          875    .text               c_w.l(_printf_fp_infnan.o)
    0x08008738   0x000000dc   Code   RO          877    .text               c_w.l(bigflt0.o)
    0x08008814   0x0000000c   Code   RO          905    .text               c_w.l(exit.o)
    0x08008820   0x00000080   Code   RO          907    .text               c_w.l(strcmpv7m.o)
    0x080088a0   0x0000000c   Code   RO          983    .text               c_w.l(sys_exit.o)
    0x080088ac   0x00000002   Code   RO          994    .text               c_w.l(use_no_semi.o)
    0x080088ae   0x00000000   Code   RO          996    .text               c_w.l(indicate_semi.o)
    0x080088ae   0x0000003e   Code   RO          880    CL$$btod_d2e        c_w.l(btod.o)
    0x080088ec   0x00000046   Code   RO          882    CL$$btod_d2e_denorm_low  c_w.l(btod.o)
    0x08008932   0x00000060   Code   RO          881    CL$$btod_d2e_norm_op1  c_w.l(btod.o)
    0x08008992   0x00000338   Code   RO          890    CL$$btod_div_common  c_w.l(btod.o)
    0x08008cca   0x000000c6   Code   RO          887    CL$$btod_e2e        c_w.l(btod.o)
    0x08008d90   0x00000028   Code   RO          884    CL$$btod_ediv       c_w.l(btod.o)
    0x08008db8   0x00000028   Code   RO          883    CL$$btod_emul       c_w.l(btod.o)
    0x08008de0   0x00000244   Code   RO          889    CL$$btod_mult_common  c_w.l(btod.o)
    0x08009024   0x00000028   Code   RO          962    i.__ARM_fpclassify  m_ws.l(fpclassify.o)
    0x0800904c   0x0000000e   Code   RO          790    i._is_digit         c_w.l(__printf_wp.o)
    0x0800905a   0x00000002   PAD
    0x0800905c   0x0000002c   Code   RO          868    locale$$code        c_w.l(lc_ctype_c.o)
    0x08009088   0x0000002c   Code   RO          903    locale$$code        c_w.l(lc_numeric_c.o)
    0x080090b4   0x000000c4   Code   RO          707    x$fpl$fadd          fz_ws.l(faddsub_clz.o)
    0x08009178   0x00000184   Code   RO          714    x$fpl$fdiv          fz_ws.l(fdiv.o)
    0x080092fc   0x0000003e   Code   RO          717    x$fpl$ffixu         fz_ws.l(ffixu.o)
    0x0800933a   0x00000002   PAD
    0x0800933c   0x00000026   Code   RO          721    x$fpl$ffltu         fz_ws.l(fflt_clz.o)
    0x08009362   0x00000002   PAD
    0x08009364   0x00000102   Code   RO          727    x$fpl$fmul          fz_ws.l(fmul.o)
    0x08009466   0x0000008c   Code   RO          825    x$fpl$fnaninf       fz_ws.l(fnaninf.o)
    0x080094f2   0x0000000a   Code   RO          827    x$fpl$fretinf       fz_ws.l(fretinf.o)
    0x080094fc   0x000000ea   Code   RO          709    x$fpl$fsub          fz_ws.l(faddsub_clz.o)
    0x080095e6   0x00000004   Code   RO          829    x$fpl$printf1       fz_ws.l(printf1.o)
    0x080095ea   0x00000000   Code   RO          831    x$fpl$usenofp       fz_ws.l(usenofp.o)
    0x080095ea   0x00000818   Data   RO          313    .constdata          oled.o
    0x08009e02   0x00000002   PAD
    0x08009e04   0x00000030   Data   RO          456    .constdata          common.o
    0x08009e34   0x00000008   Data   RO          749    .constdata          c_w.l(_printf_wctomb.o)
    0x08009e3c   0x00000028   Data   RO          778    .constdata          c_w.l(_printf_hex_int_ll_ptr.o)
    0x08009e64   0x00000011   Data   RO          798    .constdata          c_w.l(__printf_flags_ss_wp.o)
    0x08009e75   0x00000003   PAD
    0x08009e78   0x00000094   Data   RO          878    .constdata          c_w.l(bigflt0.o)
    0x08009f0c   0x00000055   Data   RO          399    .conststring        usart.o
    0x08009f61   0x00000003   PAD
    0x08009f64   0x00000020   Data   RO         1042    Region$$Table       anon$$obj.o
    0x08009f84   0x00000110   Data   RO          867    locale$$data        c_w.l(lc_ctype_c.o)
    0x0800a094   0x0000001c   Data   RO          902    locale$$data        c_w.l(lc_numeric_c.o)


    Execution Region RW_IRAM1 (Base: 0x20000000, Size: 0x00001898, Max: 0x00010000, ABSOLUTE, COMPRESSED[0x00000274])

    Base Addr    Size         Type   Attr      Idx    E Section Name        Object

    0x20000000   0x00000146   Data   RW            3    .data               main.o
    0x20000146   0x00000002   PAD
    0x20000148   0x00000014   Data   RW          222    .data               system_stm32f10x.o
    0x2000015c   0x00000004   Data   RW          252    .data               as608.o
    0x20000160   0x00000380   Data   RW          314    .data               oled.o
    0x200004e0   0x00000015   Data   RW          400    .data               usart.o
    0x200004f5   0x00000001   PAD
    0x200004f6   0x00000002   Data   RW          419    .data               usart2.o
    0x200004f8   0x00000004   Data   RW          485    .data               gizwits_product.o
    0x200004fc   0x00000010   Data   RW          508    .data               gizwits_protocol.o
    0x2000050c   0x00000004   Data   RW          538    .data               delay.o
    0x20000510   0x00000014   Data   RW          598    .data               stm32f10x_rcc.o
    0x20000524   0x0000000c   Zero   RW            2    .bss                main.o
    0x20000530   0x00000800   Zero   RW          297    .bss                stmflash.o
    0x20000d30   0x00000087   Zero   RW          398    .bss                usart.o
    0x20000db7   0x00000320   Zero   RW          418    .bss                usart2.o
    0x200010d7   0x00000009   Zero   RW          484    .bss                gizwits_product.o
    0x200010e0   0x00000152   Zero   RW          507    .bss                gizwits_protocol.o
    0x20001232   0x00000002   PAD
    0x20001234   0x00000060   Zero   RW          871    .bss                c_w.l(libspace.o)
    0x20001294   0x00000004   PAD
    0x20001298   0x00000200   Zero   RW          579    HEAP                startup_stm32f10x_hd.o
    0x20001498   0x00000400   Zero   RW          578    STACK               startup_stm32f10x_hd.o


==============================================================================

Image component sizes


      Code (inc. data)   RO Data    RW Data    ZI Data      Debug   Object Name

       232          8          0          0          0       1067   adc.o
      1840         36          0          4          0       7824   as608.o
        56          6          0          0          0        488   beep.o
       920         10         48          0          0       4073   common.o
       844          0          0          0          0       5074   datapointtools.o
       212         18          0          4          0       1019   delay.o
       412         62          0          4          9      18176   gizwits_product.o
      4248        200          0         16        338      11130   gizwits_protocol.o
       516          4          0          0          0       1111   key.o
      1660        188          0          0          0       1140   led.o
      4456        962          0        326         12     282704   main.o
       220         22          0          0          0       1793   misc.o
      1484         22       2072        896          0       6545   oled.o
       462          0          0          0          0       2495   ringbuffer.o
        64         26        304          0       1536        792   startup_stm32f10x_hd.o
      1102         26          0          0          0      10829   stm32f10x_adc.o
      1468         34          0          0          0       8026   stm32f10x_flash.o
       860         38          0          0          0       5641   stm32f10x_gpio.o
        26          0          0          0          0       1178   stm32f10x_it.o
       932         36          0         20          0       8812   stm32f10x_rcc.o
      3610         88          0          0          0      22124   stm32f10x_tim.o
      1032         22          0          0          0       8364   stm32f10x_usart.o
       324          8          0          0       2048       2570   stmflash.o
         0          0          0          0          0         32   sys.o
       480         38          0         20          0       1731   system_stm32f10x.o
       140          8          0          0          0        772   timer.o
        94          0          0          0          0        573   timer2.o
       120          4          0          0          0       1996   timer3.o
      1724        214         85         21        135       6842   usart.o
       380         30          0          2        800       2538   usart2.o
       204          8          0          0          0        860   usart3.o

    ----------------------------------------------------------------------
     30130       2118       2546       1316       4880     428319   Object Totals
         0          0         32          0          0          0   (incl. Generated)
         8          0          5          3          2          0   (incl. Padding)

    ----------------------------------------------------------------------

      Code (inc. data)   RO Data    RW Data    ZI Data      Debug   Library Member Name

        90          0          0          0          0          0   __dczerorl2.o
         8          0          0          0          0         68   __main.o
       392          4         17          0          0         92   __printf_flags_ss_wp.o
        14          0          0          0          0         68   __printf_wp.o
         0          0          0          0          0          0   __rtentry.o
        12          0          0          0          0          0   __rtentry2.o
         6          0          0          0          0          0   __rtentry4.o
        52          8          0          0          0          0   __scatter.o
        28          0          0          0          0          0   __scatter_zi.o
         6          0          0          0          0          0   _printf_a.o
         6          0          0          0          0          0   _printf_c.o
        44          0          0          0          0        108   _printf_char.o
        48          6          0          0          0         96   _printf_char_common.o
        40          0          0          0          0         68   _printf_charcount.o
         6          0          0          0          0          0   _printf_d.o
       120         16          0          0          0         92   _printf_dec.o
         6          0          0          0          0          0   _printf_e.o
         6          0          0          0          0          0   _printf_f.o
      1050          0          0          0          0        216   _printf_fp_dec.o
       128         16          0          0          0         84   _printf_fp_infnan.o
         6          0          0          0          0          0   _printf_g.o
       148          4         40          0          0        160   _printf_hex_int_ll_ptr.o
         6          0          0          0          0          0   _printf_i.o
       178          0          0          0          0         88   _printf_intcommon.o
        10          0          0          0          0          0   _printf_l.o
         6          0          0          0          0          0   _printf_lc.o
        10          0          0          0          0          0   _printf_ll.o
         6          0          0          0          0          0   _printf_lld.o
         6          0          0          0          0          0   _printf_lli.o
         6          0          0          0          0          0   _printf_llo.o
         6          0          0          0          0          0   _printf_llu.o
         6          0          0          0          0          0   _printf_llx.o
       124         16          0          0          0         92   _printf_longlong_dec.o
         6          0          0          0          0          0   _printf_ls.o
         6          0          0          0          0          0   _printf_n.o
         6          0          0          0          0          0   _printf_o.o
       112          8          0          0          0        124   _printf_oct_int_ll.o
         6          0          0          0          0          0   _printf_p.o
        78          0          0          0          0        108   _printf_pad.o
         0          0          0          0          0          0   _printf_percent.o
         4          0          0          0          0          0   _printf_percent_end.o
         6          0          0          0          0          0   _printf_s.o
        82          0          0          0          0         80   _printf_str.o
        36          0          0          0          0         84   _printf_truncate.o
         6          0          0          0          0          0   _printf_u.o
        44          0          0          0          0        108   _printf_wchar.o
       188          6          8          0          0         92   _printf_wctomb.o
         6          0          0          0          0          0   _printf_x.o
        10          0          0          0          0         68   _sputc.o
        64          0          0          0          0         92   _wcrtomb.o
       220          4        148          0          0         96   bigflt0.o
      1910        128          0          0          0        672   btod.o
        36          4          0          0          0         76   c89vsprintf.o
        12          0          0          0          0         72   exit.o
         6          0          0          0          0        152   heapauxi.o
         0          0          0          0          0          0   indicate_semi.o
        44         10        272          0          0         76   lc_ctype_c.o
        44         10         28          0          0         76   lc_numeric_c.o
         2          0          0          0          0          0   libinit.o
        30          0          0          0          0          0   libinit2.o
         2          0          0          0          0          0   libshutdown.o
         2          0          0          0          0          0   libshutdown2.o
         8          4          0          0         96         68   libspace.o
       138          0          0          0          0         80   lludiv10.o
        16          4          0          0          0         76   rt_ctype_table.o
         8          4          0          0          0         68   rt_locale_intlibspace.o
        68          0          0          0          0         68   rt_memclr.o
        78          0          0          0          0         80   rt_memclr_w.o
       138          0          0          0          0         68   rt_memcpy_v6.o
       100          0          0          0          0         80   rt_memcpy_w.o
         2          0          0          0          0          0   rtexit.o
        10          0          0          0          0          0   rtexit2.o
        24          0          0          0          0         68   strcat.o
       128          0          0          0          0         68   strcmpv7m.o
        72          0          0          0          0         80   strcpy.o
        62          0          0          0          0         76   strlen.o
        36          0          0          0          0         80   strstr.o
        12          4          0          0          0         68   sys_exit.o
        74          0          0          0          0         80   sys_stackheap_outer.o
        30          0          0          0          0         76   toupper.o
         2          0          0          0          0         68   use_no_semi.o
       430          8          0          0          0        168   faddsub_clz.o
       388         76          0          0          0         96   fdiv.o
        62          4          0          0          0         84   ffixu.o
        38          0          0          0          0         68   fflt_clz.o
       258          4          0          0          0         84   fmul.o
       140          4          0          0          0         84   fnaninf.o
        10          0          0          0          0         68   fretinf.o
         4          0          0          0          0         68   printf1.o
         0          0          0          0          0          0   usenofp.o
        40          0          0          0          0         68   fpclassify.o

    ----------------------------------------------------------------------
      7944        352        516          0        100       5248   Library Totals
        20          0          3          0          4          0   (incl. Padding)

    ----------------------------------------------------------------------

      Code (inc. data)   RO Data    RW Data    ZI Data      Debug   Library Name

      6554        256        513          0         96       4460   c_w.l
      1330         96          0          0          0        720   fz_ws.l
        40          0          0          0          0         68   m_ws.l

    ----------------------------------------------------------------------
      7944        352        516          0        100       5248   Library Totals

    ----------------------------------------------------------------------

==============================================================================


      Code (inc. data)   RO Data    RW Data    ZI Data      Debug   

     38074       2470       3062       1316       4980     428051   Grand Totals
     38074       2470       3062        628       4980     428051   ELF Image Totals (compressed)
     38074       2470       3062        628          0          0   ROM Totals

==============================================================================

    Total RO  Size (Code + RO Data)                41136 (  40.17kB)
    Total RW  Size (RW Data + ZI Data)              6296 (   6.15kB)
    Total ROM Size (Code + RO Data + RW Data)      41764 (  40.79kB)

==============================================================================

